Component: ARM Compiler 5.06 update 6 (build 750) Tool: armlink [4d35ed]

==============================================================================

Section Cross References

    main.o(i.main) refers to getclock.o(i.getclock_frequency) for getclock_frequency
    main.o(i.main) refers to hw_systick.o(i.Delayinit) for Delayinit
    main.o(i.main) refers to hw_systick.o(i.systick_setexception) for systick_setexception
    main.o(i.main) refers to led.o(i.led_init) for led_init
    main.o(i.main) refers to nvic.o(i.NVIC_PriorityGroupConfig) for NVIC_PriorityGroupConfig
    main.o(i.main) refers to uart.o(i.uart_init) for uart_init
    main.o(i.main) refers to hw_systick.o(i.delayms) for delayms
    main.o(i.main) refers to strfunc.o(i.itoa) for itoa
    main.o(i.main) refers to uart.o(i.log_uart) for log_uart
    main.o(i.main) refers to system_at32f4xx.o(.data) for SystemCoreClock
    main.o(i.main) refers to uart.o(.data) for uart_rx_status
    gpio_init.o(i.GPIO_Init) refers to gpio_init.o(.data) for gpio_list
    gpio_init.o(i.GPIO_PinToggle) refers to gpio_init.o(i.GPIO_PinWrite) for GPIO_PinWrite
    gpio_init.o(i.GPIO_PinToggle) refers to gpio_init.o(.data) for gpio_list
    gpio_init.o(i.GPIO_PinWrite) refers to gpio_init.o(.data) for gpio_list
    hw_systick.o(i.Delayinit) refers to hw_systick.o(.data) for fac_us1
    hw_systick.o(i.SysTick_Handler) refers to strfunc.o(i.itoa) for itoa
    hw_systick.o(i.SysTick_Handler) refers to uart.o(i.log_uart) for log_uart
    hw_systick.o(i.SysTick_Handler) refers to hw_systick.o(.data) for count
    hw_systick.o(i.delayms) refers to hw_systick.o(.data) for fac_us1
    hw_systick.o(i.delayus) refers to hw_systick.o(.data) for fac_us1
    led.o(i.led_init) refers to gpio_init.o(i.GPIO_Init) for GPIO_Init
    led.o(i.led_init) refers to gpio_init.o(i.GPIO_PinWrite) for GPIO_PinWrite
    uart.o(i.USART1_IRQHandler) refers to uart.o(i.uart_getinter) for uart_getinter
    uart.o(i.USART1_IRQHandler) refers to uart.o(i.uartrecvive_data) for uartrecvive_data
    uart.o(i.USART1_IRQHandler) refers to gpio_init.o(i.GPIO_PinWrite) for GPIO_PinWrite
    uart.o(i.USART1_IRQHandler) refers to uart.o(.data) for uart_rx_status
    uart.o(i.USART1_IRQHandler) refers to uart.o(.bss) for uart_rx_buf
    uart.o(i.USART_Cmd) refers to uart.o(.data) for uart_list
    uart.o(i.USART_ITConfig) refers to uart.o(.data) for uart_list
    uart.o(i.USART_Init) refers to uart.o(i.lib_set_brr) for lib_set_brr
    uart.o(i.USART_Init) refers to uart.o(.data) for uart_list
    uart.o(i.call_back_send) refers to uart.o(.data) for uart_list
    uart.o(i.lib_set_brr) refers to getclock.o(i.getclock_frequency) for getclock_frequency
    uart.o(i.lib_set_brr) refers to uart.o(.data) for uart_list
    uart.o(i.log_uart) refers to uart.o(i.call_back_send) for call_back_send
    uart.o(i.set_brr) refers to getclock.o(i.getclock_frequency) for getclock_frequency
    uart.o(i.set_brr) refers to uart.o(.data) for uart_list
    uart.o(i.uart_getinter) refers to uart.o(.data) for uart_list
    uart.o(i.uart_init) refers to gpio_init.o(i.GPIO_Init) for GPIO_Init
    uart.o(i.uart_init) refers to uart.o(i.USART_Init) for USART_Init
    uart.o(i.uart_init) refers to uart.o(i.USART_ITConfig) for USART_ITConfig
    uart.o(i.uart_init) refers to uart.o(i.USART_Cmd) for USART_Cmd
    uart.o(i.uart_init) refers to nvic.o(i.NVIC_Init) for NVIC_Init
    uart.o(i.uartrecvive_data) refers to uart.o(.data) for uart_list
    at32f4xx_rcc.o(i.RCC_GetClocksFreq) refers to at32f4xx_rcc.o(.data) for APBAHBPscTable
    at32f4xx_rcc.o(i.RCC_WaitForHSEStable) refers to at32f4xx_rcc.o(i.RCC_GetFlagStatus) for RCC_GetFlagStatus
    at32f4xx_rcc.o(i.RCC_WaitForHSEStable) refers to at32f4xx_rcc.o(i.RCC_HSEENDelay) for RCC_HSEENDelay
    getclock.o(i.getclock_frequency) refers to system_at32f4xx.o(.data) for SystemCoreClock
    strfunc.o(i.itoa) refers to rt_memclr_w.o(.text) for __aeabi_memclr4
    strfunc.o(i.itoa) refers to strfunc.o(.data) for str1
    startup_at32f403cx_xl.o(STACK) refers (Special) to heapauxi.o(.text) for __use_two_region_memory
    startup_at32f403cx_xl.o(HEAP) refers (Special) to heapauxi.o(.text) for __use_two_region_memory
    startup_at32f403cx_xl.o(RESET) refers (Special) to heapauxi.o(.text) for __use_two_region_memory
    startup_at32f403cx_xl.o(RESET) refers to startup_at32f403cx_xl.o(STACK) for __initial_sp
    startup_at32f403cx_xl.o(RESET) refers to startup_at32f403cx_xl.o(.text) for Reset_Handler
    startup_at32f403cx_xl.o(RESET) refers to hw_systick.o(i.SysTick_Handler) for SysTick_Handler
    startup_at32f403cx_xl.o(RESET) refers to uart.o(i.USART1_IRQHandler) for USART1_IRQHandler
    startup_at32f403cx_xl.o(.text) refers (Special) to heapauxi.o(.text) for __use_two_region_memory
    startup_at32f403cx_xl.o(.text) refers to system_at32f4xx.o(i.SystemInit) for SystemInit
    startup_at32f403cx_xl.o(.text) refers to __main.o(!!!main) for __main
    startup_at32f403cx_xl.o(.text) refers to startup_at32f403cx_xl.o(HEAP) for Heap_Mem
    startup_at32f403cx_xl.o(.text) refers to startup_at32f403cx_xl.o(STACK) for Stack_Mem
    system_at32f4xx.o(i.SetSysClock) refers to system_at32f4xx.o(i.SetSysClockTo192M) for SetSysClockTo192M
    system_at32f4xx.o(i.SetSysClockTo192M) refers to system_at32f4xx.o(i.WaitHseStbl) for WaitHseStbl
    system_at32f4xx.o(i.SystemInit) refers to system_at32f4xx.o(i.SetSysClock) for SetSysClock
    __main.o(!!!main) refers to __rtentry.o(.ARM.Collect$$rtentry$$00000000) for __rt_entry
    __rtentry.o(.ARM.Collect$$rtentry$$00000000) refers (Special) to __rtentry2.o(.ARM.Collect$$rtentry$$0000000A) for __rt_entry_li
    __rtentry.o(.ARM.Collect$$rtentry$$00000000) refers (Special) to __rtentry2.o(.ARM.Collect$$rtentry$$0000000D) for __rt_entry_main
    __rtentry.o(.ARM.Collect$$rtentry$$00000000) refers (Special) to __rtentry2.o(.ARM.Collect$$rtentry$$0000000C) for __rt_entry_postli_1
    __rtentry.o(.ARM.Collect$$rtentry$$00000000) refers (Special) to __rtentry2.o(.ARM.Collect$$rtentry$$00000009) for __rt_entry_postsh_1
    __rtentry.o(.ARM.Collect$$rtentry$$00000000) refers (Special) to __rtentry2.o(.ARM.Collect$$rtentry$$00000002) for __rt_entry_presh_1
    __rtentry.o(.ARM.Collect$$rtentry$$00000000) refers (Special) to __rtentry4.o(.ARM.Collect$$rtentry$$00000004) for __rt_entry_sh
    __rtentry2.o(.ARM.Collect$$rtentry$$00000008) refers to boardinit2.o(.text) for _platform_post_stackheap_init
    __rtentry2.o(.ARM.Collect$$rtentry$$0000000A) refers to libinit.o(.ARM.Collect$$libinit$$00000000) for __rt_lib_init
    __rtentry2.o(.ARM.Collect$$rtentry$$0000000B) refers to boardinit3.o(.text) for _platform_post_lib_init
    __rtentry2.o(.ARM.Collect$$rtentry$$0000000D) refers to main.o(i.main) for main
    __rtentry2.o(.ARM.Collect$$rtentry$$0000000D) refers to exit.o(.text) for exit
    __rtentry2.o(.ARM.exidx) refers to __rtentry2.o(.ARM.Collect$$rtentry$$00000001) for .ARM.Collect$$rtentry$$00000001
    __rtentry2.o(.ARM.exidx) refers to __rtentry2.o(.ARM.Collect$$rtentry$$00000008) for .ARM.Collect$$rtentry$$00000008
    __rtentry2.o(.ARM.exidx) refers to __rtentry2.o(.ARM.Collect$$rtentry$$0000000A) for .ARM.Collect$$rtentry$$0000000A
    __rtentry2.o(.ARM.exidx) refers to __rtentry2.o(.ARM.Collect$$rtentry$$0000000B) for .ARM.Collect$$rtentry$$0000000B
    __rtentry2.o(.ARM.exidx) refers to __rtentry2.o(.ARM.Collect$$rtentry$$0000000D) for .ARM.Collect$$rtentry$$0000000D
    __rtentry4.o(.ARM.Collect$$rtentry$$00000004) refers to sys_stackheap_outer.o(.text) for __user_setup_stackheap
    __rtentry4.o(.ARM.exidx) refers to __rtentry4.o(.ARM.Collect$$rtentry$$00000004) for .ARM.Collect$$rtentry$$00000004
    sys_stackheap_outer.o(.text) refers to libspace.o(.text) for __user_perproc_libspace
    sys_stackheap_outer.o(.text) refers to startup_at32f403cx_xl.o(.text) for __user_initial_stackheap
    exit.o(.text) refers to rtexit.o(.ARM.Collect$$rtexit$$00000000) for __rt_exit
    libinit.o(.ARM.Collect$$libinit$$00000000) refers (Special) to libinit2.o(.ARM.Collect$$libinit$$0000002E) for __rt_lib_init_alloca_1
    libinit.o(.ARM.Collect$$libinit$$00000000) refers (Special) to libinit2.o(.ARM.Collect$$libinit$$0000002C) for __rt_lib_init_argv_1
    libinit.o(.ARM.Collect$$libinit$$00000000) refers (Special) to libinit2.o(.ARM.Collect$$libinit$$0000001B) for __rt_lib_init_atexit_1
    libinit.o(.ARM.Collect$$libinit$$00000000) refers (Special) to libinit2.o(.ARM.Collect$$libinit$$00000021) for __rt_lib_init_clock_1
    libinit.o(.ARM.Collect$$libinit$$00000000) refers (Special) to libinit2.o(.ARM.Collect$$libinit$$00000032) for __rt_lib_init_cpp_1
    libinit.o(.ARM.Collect$$libinit$$00000000) refers (Special) to libinit2.o(.ARM.Collect$$libinit$$00000030) for __rt_lib_init_exceptions_1
    libinit.o(.ARM.Collect$$libinit$$00000000) refers (Special) to libinit2.o(.ARM.Collect$$libinit$$00000001) for __rt_lib_init_fp_1
    libinit.o(.ARM.Collect$$libinit$$00000000) refers (Special) to libinit2.o(.ARM.Collect$$libinit$$0000001F) for __rt_lib_init_fp_trap_1
    libinit.o(.ARM.Collect$$libinit$$00000000) refers (Special) to libinit2.o(.ARM.Collect$$libinit$$00000023) for __rt_lib_init_getenv_1
    libinit.o(.ARM.Collect$$libinit$$00000000) refers (Special) to libinit2.o(.ARM.Collect$$libinit$$0000000A) for __rt_lib_init_heap_1
    libinit.o(.ARM.Collect$$libinit$$00000000) refers (Special) to libinit2.o(.ARM.Collect$$libinit$$00000011) for __rt_lib_init_lc_collate_1
    libinit.o(.ARM.Collect$$libinit$$00000000) refers (Special) to libinit2.o(.ARM.Collect$$libinit$$00000013) for __rt_lib_init_lc_ctype_1
    libinit.o(.ARM.Collect$$libinit$$00000000) refers (Special) to libinit2.o(.ARM.Collect$$libinit$$00000015) for __rt_lib_init_lc_monetary_1
    libinit.o(.ARM.Collect$$libinit$$00000000) refers (Special) to libinit2.o(.ARM.Collect$$libinit$$00000017) for __rt_lib_init_lc_numeric_1
    libinit.o(.ARM.Collect$$libinit$$00000000) refers (Special) to libinit2.o(.ARM.Collect$$libinit$$00000019) for __rt_lib_init_lc_time_1
    libinit.o(.ARM.Collect$$libinit$$00000000) refers (Special) to libinit2.o(.ARM.Collect$$libinit$$00000004) for __rt_lib_init_preinit_1
    libinit.o(.ARM.Collect$$libinit$$00000000) refers (Special) to libinit2.o(.ARM.Collect$$libinit$$0000000E) for __rt_lib_init_rand_1
    libinit.o(.ARM.Collect$$libinit$$00000000) refers (Special) to libinit2.o(.ARM.Collect$$libinit$$00000033) for __rt_lib_init_return
    libinit.o(.ARM.Collect$$libinit$$00000000) refers (Special) to libinit2.o(.ARM.Collect$$libinit$$0000001D) for __rt_lib_init_signal_1
    libinit.o(.ARM.Collect$$libinit$$00000000) refers (Special) to libinit2.o(.ARM.Collect$$libinit$$00000025) for __rt_lib_init_stdio_1
    libinit.o(.ARM.Collect$$libinit$$00000000) refers (Special) to libinit2.o(.ARM.Collect$$libinit$$0000000C) for __rt_lib_init_user_alloc_1
    libspace.o(.text) refers to libspace.o(.bss) for __libspace_start
    rtexit.o(.ARM.Collect$$rtexit$$00000000) refers (Special) to rtexit2.o(.ARM.Collect$$rtexit$$00000004) for __rt_exit_exit
    rtexit.o(.ARM.Collect$$rtexit$$00000000) refers (Special) to rtexit2.o(.ARM.Collect$$rtexit$$00000003) for __rt_exit_ls
    rtexit.o(.ARM.Collect$$rtexit$$00000000) refers (Special) to rtexit2.o(.ARM.Collect$$rtexit$$00000002) for __rt_exit_prels_1
    rtexit.o(.ARM.exidx) refers (Special) to rtexit2.o(.ARM.Collect$$rtexit$$00000004) for __rt_exit_exit
    rtexit.o(.ARM.exidx) refers (Special) to rtexit2.o(.ARM.Collect$$rtexit$$00000003) for __rt_exit_ls
    rtexit.o(.ARM.exidx) refers (Special) to rtexit2.o(.ARM.Collect$$rtexit$$00000002) for __rt_exit_prels_1
    rtexit.o(.ARM.exidx) refers to rtexit.o(.ARM.Collect$$rtexit$$00000000) for .ARM.Collect$$rtexit$$00000000
    libinit2.o(.ARM.Collect$$libinit$$00000001) refers to fpinit.o(x$fpl$fpinit) for _fp_init
    libinit2.o(.ARM.Collect$$libinit$$00000010) refers to libinit2.o(.ARM.Collect$$libinit$$0000000F) for .ARM.Collect$$libinit$$0000000F
    libinit2.o(.ARM.Collect$$libinit$$00000012) refers to libinit2.o(.ARM.Collect$$libinit$$0000000F) for .ARM.Collect$$libinit$$0000000F
    libinit2.o(.ARM.Collect$$libinit$$00000014) refers to libinit2.o(.ARM.Collect$$libinit$$0000000F) for .ARM.Collect$$libinit$$0000000F
    libinit2.o(.ARM.Collect$$libinit$$00000016) refers to libinit2.o(.ARM.Collect$$libinit$$0000000F) for .ARM.Collect$$libinit$$0000000F
    libinit2.o(.ARM.Collect$$libinit$$00000018) refers to libinit2.o(.ARM.Collect$$libinit$$0000000F) for .ARM.Collect$$libinit$$0000000F
    libinit2.o(.ARM.Collect$$libinit$$00000026) refers to argv_veneer.o(.emb_text) for __ARM_argv_veneer
    libinit2.o(.ARM.Collect$$libinit$$00000027) refers to argv_veneer.o(.emb_text) for __ARM_argv_veneer
    rtexit2.o(.ARM.Collect$$rtexit$$00000003) refers to libshutdown.o(.ARM.Collect$$libshutdown$$00000000) for __rt_lib_shutdown
    rtexit2.o(.ARM.Collect$$rtexit$$00000004) refers to sys_exit.o(.text) for _sys_exit
    rtexit2.o(.ARM.exidx) refers to rtexit2.o(.ARM.Collect$$rtexit$$00000001) for .ARM.Collect$$rtexit$$00000001
    rtexit2.o(.ARM.exidx) refers to rtexit2.o(.ARM.Collect$$rtexit$$00000003) for .ARM.Collect$$rtexit$$00000003
    rtexit2.o(.ARM.exidx) refers to rtexit2.o(.ARM.Collect$$rtexit$$00000004) for .ARM.Collect$$rtexit$$00000004
    argv_veneer.o(.emb_text) refers to no_argv.o(.text) for __ARM_get_argv
    sys_exit.o(.text) refers (Special) to use_no_semi.o(.text) for __I$use$semihosting
    sys_exit.o(.text) refers (Special) to indicate_semi.o(.text) for __semihosting_library_function
    _get_argv_nomalloc.o(.text) refers (Special) to hrguard.o(.text) for __heap_region$guard
    _get_argv_nomalloc.o(.text) refers to defsig_rtmem_outer.o(.text) for __rt_SIGRTMEM
    _get_argv_nomalloc.o(.text) refers to sys_command.o(.text) for _sys_command_string
    libshutdown.o(.ARM.Collect$$libshutdown$$00000000) refers (Special) to libshutdown2.o(.ARM.Collect$$libshutdown$$00000002) for __rt_lib_shutdown_cpp_1
    libshutdown.o(.ARM.Collect$$libshutdown$$00000000) refers (Special) to libshutdown2.o(.ARM.Collect$$libshutdown$$00000007) for __rt_lib_shutdown_fp_trap_1
    libshutdown.o(.ARM.Collect$$libshutdown$$00000000) refers (Special) to libshutdown2.o(.ARM.Collect$$libshutdown$$0000000F) for __rt_lib_shutdown_heap_1
    libshutdown.o(.ARM.Collect$$libshutdown$$00000000) refers (Special) to libshutdown2.o(.ARM.Collect$$libshutdown$$00000010) for __rt_lib_shutdown_return
    libshutdown.o(.ARM.Collect$$libshutdown$$00000000) refers (Special) to libshutdown2.o(.ARM.Collect$$libshutdown$$0000000A) for __rt_lib_shutdown_signal_1
    libshutdown.o(.ARM.Collect$$libshutdown$$00000000) refers (Special) to libshutdown2.o(.ARM.Collect$$libshutdown$$00000004) for __rt_lib_shutdown_stdio_1
    libshutdown.o(.ARM.Collect$$libshutdown$$00000000) refers (Special) to libshutdown2.o(.ARM.Collect$$libshutdown$$0000000C) for __rt_lib_shutdown_user_alloc_1
    sys_command.o(.text) refers (Special) to use_no_semi.o(.text) for __I$use$semihosting
    sys_command.o(.text) refers (Special) to indicate_semi.o(.text) for __semihosting_library_function
    defsig_rtmem_outer.o(.text) refers to defsig_rtmem_inner.o(.text) for __rt_SIGRTMEM_inner
    defsig_rtmem_outer.o(.text) refers to defsig_exit.o(.text) for __sig_exit
    defsig_rtmem_formal.o(.text) refers to rt_raise.o(.text) for __rt_raise
    rt_raise.o(.text) refers to __raise.o(.text) for __raise
    rt_raise.o(.text) refers to sys_exit.o(.text) for _sys_exit
    defsig_exit.o(.text) refers to sys_exit.o(.text) for _sys_exit
    defsig_rtmem_inner.o(.text) refers to defsig_general.o(.text) for __default_signal_display
    __raise.o(.text) refers to defsig.o(CL$$defsig) for __default_signal_handler
    defsig_general.o(.text) refers to sys_wrch.o(.text) for _ttywrch
    sys_wrch.o(.text) refers (Special) to use_no_semi.o(.text) for __I$use$semihosting
    sys_wrch.o(.text) refers (Special) to indicate_semi.o(.text) for __semihosting_library_function
    defsig.o(CL$$defsig) refers to defsig_rtmem_inner.o(.text) for __rt_SIGRTMEM_inner
    defsig_abrt_inner.o(.text) refers to defsig_general.o(.text) for __default_signal_display
    defsig_fpe_inner.o(.text) refers to defsig_general.o(.text) for __default_signal_display
    defsig_rtred_inner.o(.text) refers to defsig_general.o(.text) for __default_signal_display
    defsig_stak_inner.o(.text) refers to defsig_general.o(.text) for __default_signal_display
    defsig_pvfn_inner.o(.text) refers to defsig_general.o(.text) for __default_signal_display
    defsig_cppl_inner.o(.text) refers to defsig_general.o(.text) for __default_signal_display
    defsig_segv_inner.o(.text) refers to defsig_general.o(.text) for __default_signal_display
    defsig_other.o(.text) refers to defsig_general.o(.text) for __default_signal_display


==============================================================================

Removing Unused input sections from the image.

    Removing main.o(.rev16_text), (4 bytes).
    Removing main.o(.revsh_text), (4 bytes).
    Removing main.o(.rrx_text), (6 bytes).
    Removing gpio_init.o(.rev16_text), (4 bytes).
    Removing gpio_init.o(.revsh_text), (4 bytes).
    Removing gpio_init.o(.rrx_text), (6 bytes).
    Removing gpio_init.o(i.GPIO_PinToggle), (52 bytes).
    Removing hw_systick.o(.rev16_text), (4 bytes).
    Removing hw_systick.o(.revsh_text), (4 bytes).
    Removing hw_systick.o(.rrx_text), (6 bytes).
    Removing hw_systick.o(i.delayus), (76 bytes).
    Removing led.o(.rev16_text), (4 bytes).
    Removing led.o(.revsh_text), (4 bytes).
    Removing led.o(.rrx_text), (6 bytes).
    Removing nvic.o(.rev16_text), (4 bytes).
    Removing nvic.o(.revsh_text), (4 bytes).
    Removing nvic.o(.rrx_text), (6 bytes).
    Removing uart.o(.rev16_text), (4 bytes).
    Removing uart.o(.revsh_text), (4 bytes).
    Removing uart.o(.rrx_text), (6 bytes).
    Removing uart.o(i.set_brr), (52 bytes).
    Removing at32f4xx_rcc.o(.rev16_text), (4 bytes).
    Removing at32f4xx_rcc.o(.revsh_text), (4 bytes).
    Removing at32f4xx_rcc.o(.rrx_text), (6 bytes).
    Removing at32f4xx_rcc.o(i.RCC_ADCCLKConfig), (28 bytes).
    Removing at32f4xx_rcc.o(i.RCC_AHBCLKConfig), (24 bytes).
    Removing at32f4xx_rcc.o(i.RCC_AHBPeriphClockCmd), (32 bytes).
    Removing at32f4xx_rcc.o(i.RCC_APB1CLKConfig), (24 bytes).
    Removing at32f4xx_rcc.o(i.RCC_APB1PeriphClockCmd), (32 bytes).
    Removing at32f4xx_rcc.o(i.RCC_APB1PeriphResetCmd), (32 bytes).
    Removing at32f4xx_rcc.o(i.RCC_APB2CLKConfig), (24 bytes).
    Removing at32f4xx_rcc.o(i.RCC_APB2PeriphClockCmd), (32 bytes).
    Removing at32f4xx_rcc.o(i.RCC_APB2PeriphResetCmd), (32 bytes).
    Removing at32f4xx_rcc.o(i.RCC_BackupResetCmd), (12 bytes).
    Removing at32f4xx_rcc.o(i.RCC_CLKOUTConfig), (88 bytes).
    Removing at32f4xx_rcc.o(i.RCC_ClearFlag), (20 bytes).
    Removing at32f4xx_rcc.o(i.RCC_ClearINTPendingBit), (12 bytes).
    Removing at32f4xx_rcc.o(i.RCC_GetClocksFreq), (328 bytes).
    Removing at32f4xx_rcc.o(i.RCC_GetFlagStatus), (60 bytes).
    Removing at32f4xx_rcc.o(i.RCC_GetINTStatus), (24 bytes).
    Removing at32f4xx_rcc.o(i.RCC_GetSYSCLKSelction), (16 bytes).
    Removing at32f4xx_rcc.o(i.RCC_HSEClockFailureDetectorCmd), (12 bytes).
    Removing at32f4xx_rcc.o(i.RCC_HSEConfig), (76 bytes).
    Removing at32f4xx_rcc.o(i.RCC_HSEENDelay), (12 bytes).
    Removing at32f4xx_rcc.o(i.RCC_HSICmd), (12 bytes).
    Removing at32f4xx_rcc.o(i.RCC_INTConfig), (32 bytes).
    Removing at32f4xx_rcc.o(i.RCC_LSEConfig), (52 bytes).
    Removing at32f4xx_rcc.o(i.RCC_LSICmd), (12 bytes).
    Removing at32f4xx_rcc.o(i.RCC_PLLCmd), (12 bytes).
    Removing at32f4xx_rcc.o(i.RCC_PLLConfig), (36 bytes).
    Removing at32f4xx_rcc.o(i.RCC_RTCCLKCmd), (12 bytes).
    Removing at32f4xx_rcc.o(i.RCC_RTCCLKConfig), (16 bytes).
    Removing at32f4xx_rcc.o(i.RCC_Reset), (96 bytes).
    Removing at32f4xx_rcc.o(i.RCC_SYSCLKConfig), (24 bytes).
    Removing at32f4xx_rcc.o(i.RCC_SetHSICalibValue), (44 bytes).
    Removing at32f4xx_rcc.o(i.RCC_SetHSITweakValue), (24 bytes).
    Removing at32f4xx_rcc.o(i.RCC_USBCLKConfig), (24 bytes).
    Removing at32f4xx_rcc.o(i.RCC_WaitForHSEStable), (64 bytes).
    Removing at32f4xx_rcc.o(.data), (16 bytes).
    Removing getclock.o(.rev16_text), (4 bytes).
    Removing getclock.o(.revsh_text), (4 bytes).
    Removing getclock.o(.rrx_text), (6 bytes).
    Removing strfunc.o(.rev16_text), (4 bytes).
    Removing strfunc.o(.revsh_text), (4 bytes).
    Removing strfunc.o(.rrx_text), (6 bytes).
    Removing system_at32f4xx.o(.rev16_text), (4 bytes).
    Removing system_at32f4xx.o(.revsh_text), (4 bytes).
    Removing system_at32f4xx.o(.rrx_text), (6 bytes).
    Removing system_at32f4xx.o(i.SystemCoreClockUpdate), (2 bytes).

69 unused section(s) (total 1718 bytes) removed from the image.

==============================================================================

Image Symbol Table

    Local Symbols

    Symbol Name                              Value     Ov Type        Size  Object(Section)

    ../clib/angel/boardlib.s                 0x00000000   Number         0  boardshut.o ABSOLUTE
    ../clib/angel/boardlib.s                 0x00000000   Number         0  boardinit1.o ABSOLUTE
    ../clib/angel/boardlib.s                 0x00000000   Number         0  boardinit3.o ABSOLUTE
    ../clib/angel/boardlib.s                 0x00000000   Number         0  boardinit2.o ABSOLUTE
    ../clib/angel/handlers.s                 0x00000000   Number         0  __scatter_copy.o ABSOLUTE
    ../clib/angel/handlers.s                 0x00000000   Number         0  __scatter_zi.o ABSOLUTE
    ../clib/angel/kernel.s                   0x00000000   Number         0  rtexit.o ABSOLUTE
    ../clib/angel/kernel.s                   0x00000000   Number         0  __rtentry2.o ABSOLUTE
    ../clib/angel/kernel.s                   0x00000000   Number         0  __rtentry.o ABSOLUTE
    ../clib/angel/kernel.s                   0x00000000   Number         0  rtexit2.o ABSOLUTE
    ../clib/angel/kernel.s                   0x00000000   Number         0  __rtentry4.o ABSOLUTE
    ../clib/angel/rt.s                       0x00000000   Number         0  rt_raise.o ABSOLUTE
    ../clib/angel/scatter.s                  0x00000000   Number         0  __scatter.o ABSOLUTE
    ../clib/angel/startup.s                  0x00000000   Number         0  __main.o ABSOLUTE
    ../clib/angel/sys.s                      0x00000000   Number         0  sys_stackheap_outer.o ABSOLUTE
    ../clib/angel/sys.s                      0x00000000   Number         0  indicate_semi.o ABSOLUTE
    ../clib/angel/sys.s                      0x00000000   Number         0  use_no_semi.o ABSOLUTE
    ../clib/angel/sys.s                      0x00000000   Number         0  libspace.o ABSOLUTE
    ../clib/angel/sysapp.c                   0x00000000   Number         0  sys_wrch.o ABSOLUTE
    ../clib/angel/sysapp.c                   0x00000000   Number         0  sys_exit.o ABSOLUTE
    ../clib/angel/sysapp.c                   0x00000000   Number         0  sys_command.o ABSOLUTE
    ../clib/armsys.c                         0x00000000   Number         0  _get_argv_nomalloc.o ABSOLUTE
    ../clib/armsys.c                         0x00000000   Number         0  no_argv.o ABSOLUTE
    ../clib/armsys.c                         0x00000000   Number         0  argv_veneer.o ABSOLUTE
    ../clib/armsys.c                         0x00000000   Number         0  argv_veneer.o ABSOLUTE
    ../clib/heapalloc.c                      0x00000000   Number         0  hrguard.o ABSOLUTE
    ../clib/heapaux.c                        0x00000000   Number         0  heapauxi.o ABSOLUTE
    ../clib/libinit.s                        0x00000000   Number         0  libshutdown.o ABSOLUTE
    ../clib/libinit.s                        0x00000000   Number         0  libinit2.o ABSOLUTE
    ../clib/libinit.s                        0x00000000   Number         0  libinit.o ABSOLUTE
    ../clib/libinit.s                        0x00000000   Number         0  libshutdown2.o ABSOLUTE
    ../clib/memcpset.s                       0x00000000   Number         0  rt_memclr_w.o ABSOLUTE
    ../clib/signal.c                         0x00000000   Number         0  defsig_abrt_inner.o ABSOLUTE
    ../clib/signal.c                         0x00000000   Number         0  defsig_rtred_inner.o ABSOLUTE
    ../clib/signal.c                         0x00000000   Number         0  defsig_other.o ABSOLUTE
    ../clib/signal.c                         0x00000000   Number         0  defsig_rtmem_inner.o ABSOLUTE
    ../clib/signal.c                         0x00000000   Number         0  defsig_rtmem_formal.o ABSOLUTE
    ../clib/signal.c                         0x00000000   Number         0  __raise.o ABSOLUTE
    ../clib/signal.c                         0x00000000   Number         0  defsig_general.o ABSOLUTE
    ../clib/signal.c                         0x00000000   Number         0  defsig_fpe_inner.o ABSOLUTE
    ../clib/signal.c                         0x00000000   Number         0  defsig_pvfn_inner.o ABSOLUTE
    ../clib/signal.c                         0x00000000   Number         0  defsig_rtmem_outer.o ABSOLUTE
    ../clib/signal.c                         0x00000000   Number         0  defsig_stak_inner.o ABSOLUTE
    ../clib/signal.c                         0x00000000   Number         0  defsig_cppl_inner.o ABSOLUTE
    ../clib/signal.c                         0x00000000   Number         0  defsig_exit.o ABSOLUTE
    ../clib/signal.c                         0x00000000   Number         0  defsig_segv_inner.o ABSOLUTE
    ../clib/signal.s                         0x00000000   Number         0  defsig.o ABSOLUTE
    ../clib/stdlib.c                         0x00000000   Number         0  exit.o ABSOLUTE
    ../fplib/fpinit.s                        0x00000000   Number         0  fpinit.o ABSOLUTE
    ..\AT32F4XX_FWLib\src\at32f4xx_rcc.c     0x00000000   Number         0  at32f4xx_rcc.o ABSOLUTE
    ..\CORE\startup_at32f403cx_xl.s          0x00000000   Number         0  startup_at32f403cx_xl.o ABSOLUTE
    ..\HARDWARE\HW_SysTick.c                 0x00000000   Number         0  hw_systick.o ABSOLUTE
    ..\HARDWARE\getclock.c                   0x00000000   Number         0  getclock.o ABSOLUTE
    ..\HARDWARE\gpio_init.c                  0x00000000   Number         0  gpio_init.o ABSOLUTE
    ..\HARDWARE\led.c                        0x00000000   Number         0  led.o ABSOLUTE
    ..\HARDWARE\nvic.c                       0x00000000   Number         0  nvic.o ABSOLUTE
    ..\HARDWARE\strfunc.c                    0x00000000   Number         0  strfunc.o ABSOLUTE
    ..\HARDWARE\uart.c                       0x00000000   Number         0  uart.o ABSOLUTE
    ..\SYSTEM\system_at32f4xx.c              0x00000000   Number         0  system_at32f4xx.o ABSOLUTE
    ..\\AT32F4XX_FWLib\\src\\at32f4xx_rcc.c  0x00000000   Number         0  at32f4xx_rcc.o ABSOLUTE
    ..\\HARDWARE\\HW_SysTick.c               0x00000000   Number         0  hw_systick.o ABSOLUTE
    ..\\HARDWARE\\getclock.c                 0x00000000   Number         0  getclock.o ABSOLUTE
    ..\\HARDWARE\\gpio_init.c                0x00000000   Number         0  gpio_init.o ABSOLUTE
    ..\\HARDWARE\\led.c                      0x00000000   Number         0  led.o ABSOLUTE
    ..\\HARDWARE\\nvic.c                     0x00000000   Number         0  nvic.o ABSOLUTE
    ..\\HARDWARE\\strfunc.c                  0x00000000   Number         0  strfunc.o ABSOLUTE
    ..\\HARDWARE\\uart.c                     0x00000000   Number         0  uart.o ABSOLUTE
    ..\\SYSTEM\\system_at32f4xx.c            0x00000000   Number         0  system_at32f4xx.o ABSOLUTE
    dc.s                                     0x00000000   Number         0  dc.o ABSOLUTE
    main.c                                   0x00000000   Number         0  main.o ABSOLUTE
    main.c                                   0x00000000   Number         0  main.o ABSOLUTE
    RESET                                    0x08000000   Section      316  startup_at32f403cx_xl.o(RESET)
    !!!main                                  0x0800013c   Section        8  __main.o(!!!main)
    !!!scatter                               0x08000144   Section       52  __scatter.o(!!!scatter)
    !!handler_copy                           0x08000178   Section       26  __scatter_copy.o(!!handler_copy)
    !!handler_zi                             0x08000194   Section       28  __scatter_zi.o(!!handler_zi)
    .ARM.Collect$$libinit$$00000000          0x080001b0   Section        2  libinit.o(.ARM.Collect$$libinit$$00000000)
    .ARM.Collect$$libinit$$00000001          0x080001b2   Section        4  libinit2.o(.ARM.Collect$$libinit$$00000001)
    .ARM.Collect$$libinit$$00000004          0x080001b6   Section        0  libinit2.o(.ARM.Collect$$libinit$$00000004)
    .ARM.Collect$$libinit$$0000000A          0x080001b6   Section        0  libinit2.o(.ARM.Collect$$libinit$$0000000A)
    .ARM.Collect$$libinit$$0000000C          0x080001b6   Section        0  libinit2.o(.ARM.Collect$$libinit$$0000000C)
    .ARM.Collect$$libinit$$0000000E          0x080001b6   Section        0  libinit2.o(.ARM.Collect$$libinit$$0000000E)
    .ARM.Collect$$libinit$$00000011          0x080001b6   Section        0  libinit2.o(.ARM.Collect$$libinit$$00000011)
    .ARM.Collect$$libinit$$00000013          0x080001b6   Section        0  libinit2.o(.ARM.Collect$$libinit$$00000013)
    .ARM.Collect$$libinit$$00000015          0x080001b6   Section        0  libinit2.o(.ARM.Collect$$libinit$$00000015)
    .ARM.Collect$$libinit$$00000017          0x080001b6   Section        0  libinit2.o(.ARM.Collect$$libinit$$00000017)
    .ARM.Collect$$libinit$$00000019          0x080001b6   Section        0  libinit2.o(.ARM.Collect$$libinit$$00000019)
    .ARM.Collect$$libinit$$0000001B          0x080001b6   Section        0  libinit2.o(.ARM.Collect$$libinit$$0000001B)
    .ARM.Collect$$libinit$$0000001D          0x080001b6   Section        0  libinit2.o(.ARM.Collect$$libinit$$0000001D)
    .ARM.Collect$$libinit$$0000001F          0x080001b6   Section        0  libinit2.o(.ARM.Collect$$libinit$$0000001F)
    .ARM.Collect$$libinit$$00000021          0x080001b6   Section        0  libinit2.o(.ARM.Collect$$libinit$$00000021)
    .ARM.Collect$$libinit$$00000023          0x080001b6   Section        0  libinit2.o(.ARM.Collect$$libinit$$00000023)
    .ARM.Collect$$libinit$$00000025          0x080001b6   Section        0  libinit2.o(.ARM.Collect$$libinit$$00000025)
    .ARM.Collect$$libinit$$0000002C          0x080001b6   Section        0  libinit2.o(.ARM.Collect$$libinit$$0000002C)
    .ARM.Collect$$libinit$$0000002E          0x080001b6   Section        0  libinit2.o(.ARM.Collect$$libinit$$0000002E)
    .ARM.Collect$$libinit$$00000030          0x080001b6   Section        0  libinit2.o(.ARM.Collect$$libinit$$00000030)
    .ARM.Collect$$libinit$$00000032          0x080001b6   Section        0  libinit2.o(.ARM.Collect$$libinit$$00000032)
    .ARM.Collect$$libinit$$00000033          0x080001b6   Section        2  libinit2.o(.ARM.Collect$$libinit$$00000033)
    .ARM.Collect$$libshutdown$$00000000      0x080001b8   Section        2  libshutdown.o(.ARM.Collect$$libshutdown$$00000000)
    .ARM.Collect$$libshutdown$$00000002      0x080001ba   Section        0  libshutdown2.o(.ARM.Collect$$libshutdown$$00000002)
    .ARM.Collect$$libshutdown$$00000004      0x080001ba   Section        0  libshutdown2.o(.ARM.Collect$$libshutdown$$00000004)
    .ARM.Collect$$libshutdown$$00000007      0x080001ba   Section        0  libshutdown2.o(.ARM.Collect$$libshutdown$$00000007)
    .ARM.Collect$$libshutdown$$0000000A      0x080001ba   Section        0  libshutdown2.o(.ARM.Collect$$libshutdown$$0000000A)
    .ARM.Collect$$libshutdown$$0000000C      0x080001ba   Section        0  libshutdown2.o(.ARM.Collect$$libshutdown$$0000000C)
    .ARM.Collect$$libshutdown$$0000000F      0x080001ba   Section        0  libshutdown2.o(.ARM.Collect$$libshutdown$$0000000F)
    .ARM.Collect$$libshutdown$$00000010      0x080001ba   Section        2  libshutdown2.o(.ARM.Collect$$libshutdown$$00000010)
    .ARM.Collect$$rtentry$$00000000          0x080001bc   Section        0  __rtentry.o(.ARM.Collect$$rtentry$$00000000)
    .ARM.Collect$$rtentry$$00000002          0x080001bc   Section        0  __rtentry2.o(.ARM.Collect$$rtentry$$00000002)
    .ARM.Collect$$rtentry$$00000004          0x080001bc   Section        6  __rtentry4.o(.ARM.Collect$$rtentry$$00000004)
    .ARM.Collect$$rtentry$$00000009          0x080001c2   Section        0  __rtentry2.o(.ARM.Collect$$rtentry$$00000009)
    .ARM.Collect$$rtentry$$0000000A          0x080001c2   Section        4  __rtentry2.o(.ARM.Collect$$rtentry$$0000000A)
    .ARM.Collect$$rtentry$$0000000C          0x080001c6   Section        0  __rtentry2.o(.ARM.Collect$$rtentry$$0000000C)
    .ARM.Collect$$rtentry$$0000000D          0x080001c6   Section        8  __rtentry2.o(.ARM.Collect$$rtentry$$0000000D)
    .ARM.Collect$$rtexit$$00000000           0x080001ce   Section        2  rtexit.o(.ARM.Collect$$rtexit$$00000000)
    .ARM.Collect$$rtexit$$00000002           0x080001d0   Section        0  rtexit2.o(.ARM.Collect$$rtexit$$00000002)
    .ARM.Collect$$rtexit$$00000003           0x080001d0   Section        4  rtexit2.o(.ARM.Collect$$rtexit$$00000003)
    .ARM.Collect$$rtexit$$00000004           0x080001d4   Section        6  rtexit2.o(.ARM.Collect$$rtexit$$00000004)
    .text                                    0x080001dc   Section       64  startup_at32f403cx_xl.o(.text)
    $v0                                      0x080001dc   Number         0  startup_at32f403cx_xl.o(.text)
    .text                                    0x0800021c   Section       78  rt_memclr_w.o(.text)
    .text                                    0x0800026a   Section        0  heapauxi.o(.text)
    .text                                    0x08000270   Section       74  sys_stackheap_outer.o(.text)
    .text                                    0x080002ba   Section        0  exit.o(.text)
    .text                                    0x080002cc   Section        8  libspace.o(.text)
    .text                                    0x080002d4   Section        0  sys_exit.o(.text)
    .text                                    0x080002e0   Section        2  use_no_semi.o(.text)
    .text                                    0x080002e2   Section        0  indicate_semi.o(.text)
    i.Delayinit                              0x080002e4   Section        0  hw_systick.o(i.Delayinit)
    i.GPIO_Init                              0x08000308   Section        0  gpio_init.o(i.GPIO_Init)
    i.GPIO_PinWrite                          0x0800047c   Section        0  gpio_init.o(i.GPIO_PinWrite)
    i.NVIC_Init                              0x080004a0   Section        0  nvic.o(i.NVIC_Init)
    i.NVIC_PriorityGroupConfig               0x08000518   Section        0  nvic.o(i.NVIC_PriorityGroupConfig)
    i.SetSysClock                            0x0800052c   Section        0  system_at32f4xx.o(i.SetSysClock)
    SetSysClock                              0x0800052d   Thumb Code     8  system_at32f4xx.o(i.SetSysClock)
    i.SetSysClockTo192M                      0x08000534   Section        0  system_at32f4xx.o(i.SetSysClockTo192M)
    SetSysClockTo192M                        0x08000535   Thumb Code   226  system_at32f4xx.o(i.SetSysClockTo192M)
    i.SysTick_Handler                        0x08000624   Section        0  hw_systick.o(i.SysTick_Handler)
    i.SystemInit                             0x0800064c   Section        0  system_at32f4xx.o(i.SystemInit)
    i.USART1_IRQHandler                      0x080006d0   Section        0  uart.o(i.USART1_IRQHandler)
    i.USART_Cmd                              0x08000764   Section        0  uart.o(i.USART_Cmd)
    i.USART_ITConfig                         0x08000798   Section        0  uart.o(i.USART_ITConfig)
    i.USART_Init                             0x080007e4   Section        0  uart.o(i.USART_Init)
    i.WaitHseStbl                            0x080008b8   Section        0  system_at32f4xx.o(i.WaitHseStbl)
    WaitHseStbl                              0x080008b9   Thumb Code    12  system_at32f4xx.o(i.WaitHseStbl)
    i.call_back_send                         0x080008c4   Section        0  uart.o(i.call_back_send)
    i.delayms                                0x080008e8   Section        0  hw_systick.o(i.delayms)
    i.getclock_frequency                     0x08000944   Section        0  getclock.o(i.getclock_frequency)
    i.itoa                                   0x08000ae0   Section        0  strfunc.o(i.itoa)
    i.led_init                               0x08000b4c   Section        0  led.o(i.led_init)
    i.lib_set_brr                            0x08000b68   Section        0  uart.o(i.lib_set_brr)
    i.log_uart                               0x08000bc4   Section        0  uart.o(i.log_uart)
    i.main                                   0x08000c14   Section        0  main.o(i.main)
    i.systick_setexception                   0x08000c70   Section        0  hw_systick.o(i.systick_setexception)
    i.uart_getinter                          0x08000c98   Section        0  uart.o(i.uart_getinter)
    i.uart_init                              0x08000d08   Section        0  uart.o(i.uart_init)
    i.uartrecvive_data                       0x08000d5c   Section        0  uart.o(i.uartrecvive_data)
    x$fpl$fpinit                             0x08000d70   Section       10  fpinit.o(x$fpl$fpinit)
    $v0                                      0x08000d70   Number         0  fpinit.o(x$fpl$fpinit)
    .data                                    0x20000000   Section       20  gpio_init.o(.data)
    .data                                    0x20000014   Section       12  hw_systick.o(.data)
    fac_us1                                  0x20000014   Data           4  hw_systick.o(.data)
    test                                     0x20000018   Data           4  hw_systick.o(.data)
    count                                    0x2000001c   Data           4  hw_systick.o(.data)
    .data                                    0x20000020   Section       22  uart.o(.data)
    .data                                    0x20000036   Section       64  strfunc.o(.data)
    str1                                     0x20000036   Data          64  strfunc.o(.data)
    .data                                    0x20000078   Section       20  system_at32f4xx.o(.data)
    .bss                                     0x2000008c   Section     4096  uart.o(.bss)
    .bss                                     0x2000108c   Section       96  libspace.o(.bss)
    HEAP                                     0x200010f0   Section      512  startup_at32f403cx_xl.o(HEAP)
    Heap_Mem                                 0x200010f0   Data         512  startup_at32f403cx_xl.o(HEAP)
    STACK                                    0x200012f0   Section     1024  startup_at32f403cx_xl.o(STACK)
    Stack_Mem                                0x200012f0   Data        1024  startup_at32f403cx_xl.o(STACK)
    __initial_sp                             0x200016f0   Data           0  startup_at32f403cx_xl.o(STACK)

    Global Symbols

    Symbol Name                              Value     Ov Type        Size  Object(Section)

    BuildAttributes$$THM_ISAv4$E$P$D$K$B$S$7EM$VFPi3$EXTD16$VFPS$VFMA$PE$A:L22UL41UL21$X:L11$S22US41US21$IEEE1$IW$USESV6$~STKCKD$USESV7$~SHL$OSPACE$ROPI$EBA8$UX$STANDARDLIB$REQ8$PRES8$EABIv2 0x00000000   Number         0  anon$$obj.o ABSOLUTE
    __ARM_use_no_argv                        0x00000000   Number         0  main.o ABSOLUTE
    __ARM_exceptions_init                     - Undefined Weak Reference
    __alloca_initialize                       - Undefined Weak Reference
    __arm_preinit_                            - Undefined Weak Reference
    __cpp_initialize__aeabi_                  - Undefined Weak Reference
    __cxa_finalize                            - Undefined Weak Reference
    __rt_locale                               - Undefined Weak Reference
    __sigvec_lookup                           - Undefined Weak Reference
    _atexit_init                              - Undefined Weak Reference
    _call_atexit_fns                          - Undefined Weak Reference
    _clock_init                               - Undefined Weak Reference
    _fp_trap_init                             - Undefined Weak Reference
    _fp_trap_shutdown                         - Undefined Weak Reference
    _get_lc_collate                           - Undefined Weak Reference
    _get_lc_ctype                             - Undefined Weak Reference
    _get_lc_monetary                          - Undefined Weak Reference
    _get_lc_numeric                           - Undefined Weak Reference
    _get_lc_time                              - Undefined Weak Reference
    _getenv_init                              - Undefined Weak Reference
    _handle_redirection                       - Undefined Weak Reference
    _init_alloc                               - Undefined Weak Reference
    _init_user_alloc                          - Undefined Weak Reference
    _initio                                   - Undefined Weak Reference
    _rand_init                                - Undefined Weak Reference
    _signal_finish                            - Undefined Weak Reference
    _signal_init                              - Undefined Weak Reference
    _terminate_alloc                          - Undefined Weak Reference
    _terminate_user_alloc                     - Undefined Weak Reference
    _terminateio                              - Undefined Weak Reference
    __Vectors_Size                           0x0000013c   Number         0  startup_at32f403cx_xl.o ABSOLUTE
    __Vectors                                0x08000000   Data           4  startup_at32f403cx_xl.o(RESET)
    __Vectors_End                            0x0800013c   Data           0  startup_at32f403cx_xl.o(RESET)
    __main                                   0x0800013d   Thumb Code     8  __main.o(!!!main)
    __scatterload                            0x08000145   Thumb Code     0  __scatter.o(!!!scatter)
    __scatterload_rt2                        0x08000145   Thumb Code    44  __scatter.o(!!!scatter)
    __scatterload_rt2_thumb_only             0x08000145   Thumb Code     0  __scatter.o(!!!scatter)
    __scatterload_null                       0x08000153   Thumb Code     0  __scatter.o(!!!scatter)
    __scatterload_copy                       0x08000179   Thumb Code    26  __scatter_copy.o(!!handler_copy)
    __scatterload_zeroinit                   0x08000195   Thumb Code    28  __scatter_zi.o(!!handler_zi)
    __rt_lib_init                            0x080001b1   Thumb Code     0  libinit.o(.ARM.Collect$$libinit$$00000000)
    __rt_lib_init_fp_1                       0x080001b3   Thumb Code     0  libinit2.o(.ARM.Collect$$libinit$$00000001)
    __rt_lib_init_alloca_1                   0x080001b7   Thumb Code     0  libinit2.o(.ARM.Collect$$libinit$$0000002E)
    __rt_lib_init_argv_1                     0x080001b7   Thumb Code     0  libinit2.o(.ARM.Collect$$libinit$$0000002C)
    __rt_lib_init_atexit_1                   0x080001b7   Thumb Code     0  libinit2.o(.ARM.Collect$$libinit$$0000001B)
    __rt_lib_init_clock_1                    0x080001b7   Thumb Code     0  libinit2.o(.ARM.Collect$$libinit$$00000021)
    __rt_lib_init_cpp_1                      0x080001b7   Thumb Code     0  libinit2.o(.ARM.Collect$$libinit$$00000032)
    __rt_lib_init_exceptions_1               0x080001b7   Thumb Code     0  libinit2.o(.ARM.Collect$$libinit$$00000030)
    __rt_lib_init_fp_trap_1                  0x080001b7   Thumb Code     0  libinit2.o(.ARM.Collect$$libinit$$0000001F)
    __rt_lib_init_getenv_1                   0x080001b7   Thumb Code     0  libinit2.o(.ARM.Collect$$libinit$$00000023)
    __rt_lib_init_heap_1                     0x080001b7   Thumb Code     0  libinit2.o(.ARM.Collect$$libinit$$0000000A)
    __rt_lib_init_lc_collate_1               0x080001b7   Thumb Code     0  libinit2.o(.ARM.Collect$$libinit$$00000011)
    __rt_lib_init_lc_ctype_1                 0x080001b7   Thumb Code     0  libinit2.o(.ARM.Collect$$libinit$$00000013)
    __rt_lib_init_lc_monetary_1              0x080001b7   Thumb Code     0  libinit2.o(.ARM.Collect$$libinit$$00000015)
    __rt_lib_init_lc_numeric_1               0x080001b7   Thumb Code     0  libinit2.o(.ARM.Collect$$libinit$$00000017)
    __rt_lib_init_lc_time_1                  0x080001b7   Thumb Code     0  libinit2.o(.ARM.Collect$$libinit$$00000019)
    __rt_lib_init_preinit_1                  0x080001b7   Thumb Code     0  libinit2.o(.ARM.Collect$$libinit$$00000004)
    __rt_lib_init_rand_1                     0x080001b7   Thumb Code     0  libinit2.o(.ARM.Collect$$libinit$$0000000E)
    __rt_lib_init_return                     0x080001b7   Thumb Code     0  libinit2.o(.ARM.Collect$$libinit$$00000033)
    __rt_lib_init_signal_1                   0x080001b7   Thumb Code     0  libinit2.o(.ARM.Collect$$libinit$$0000001D)
    __rt_lib_init_stdio_1                    0x080001b7   Thumb Code     0  libinit2.o(.ARM.Collect$$libinit$$00000025)
    __rt_lib_init_user_alloc_1               0x080001b7   Thumb Code     0  libinit2.o(.ARM.Collect$$libinit$$0000000C)
    __rt_lib_shutdown                        0x080001b9   Thumb Code     0  libshutdown.o(.ARM.Collect$$libshutdown$$00000000)
    __rt_lib_shutdown_cpp_1                  0x080001bb   Thumb Code     0  libshutdown2.o(.ARM.Collect$$libshutdown$$00000002)
    __rt_lib_shutdown_fp_trap_1              0x080001bb   Thumb Code     0  libshutdown2.o(.ARM.Collect$$libshutdown$$00000007)
    __rt_lib_shutdown_heap_1                 0x080001bb   Thumb Code     0  libshutdown2.o(.ARM.Collect$$libshutdown$$0000000F)
    __rt_lib_shutdown_return                 0x080001bb   Thumb Code     0  libshutdown2.o(.ARM.Collect$$libshutdown$$00000010)
    __rt_lib_shutdown_signal_1               0x080001bb   Thumb Code     0  libshutdown2.o(.ARM.Collect$$libshutdown$$0000000A)
    __rt_lib_shutdown_stdio_1                0x080001bb   Thumb Code     0  libshutdown2.o(.ARM.Collect$$libshutdown$$00000004)
    __rt_lib_shutdown_user_alloc_1           0x080001bb   Thumb Code     0  libshutdown2.o(.ARM.Collect$$libshutdown$$0000000C)
    __rt_entry                               0x080001bd   Thumb Code     0  __rtentry.o(.ARM.Collect$$rtentry$$00000000)
    __rt_entry_presh_1                       0x080001bd   Thumb Code     0  __rtentry2.o(.ARM.Collect$$rtentry$$00000002)
    __rt_entry_sh                            0x080001bd   Thumb Code     0  __rtentry4.o(.ARM.Collect$$rtentry$$00000004)
    __rt_entry_li                            0x080001c3   Thumb Code     0  __rtentry2.o(.ARM.Collect$$rtentry$$0000000A)
    __rt_entry_postsh_1                      0x080001c3   Thumb Code     0  __rtentry2.o(.ARM.Collect$$rtentry$$00000009)
    __rt_entry_main                          0x080001c7   Thumb Code     0  __rtentry2.o(.ARM.Collect$$rtentry$$0000000D)
    __rt_entry_postli_1                      0x080001c7   Thumb Code     0  __rtentry2.o(.ARM.Collect$$rtentry$$0000000C)
    __rt_exit                                0x080001cf   Thumb Code     0  rtexit.o(.ARM.Collect$$rtexit$$00000000)
    __rt_exit_ls                             0x080001d1   Thumb Code     0  rtexit2.o(.ARM.Collect$$rtexit$$00000003)
    __rt_exit_prels_1                        0x080001d1   Thumb Code     0  rtexit2.o(.ARM.Collect$$rtexit$$00000002)
    __rt_exit_exit                           0x080001d5   Thumb Code     0  rtexit2.o(.ARM.Collect$$rtexit$$00000004)
    Reset_Handler                            0x080001dd   Thumb Code     8  startup_at32f403cx_xl.o(.text)
    NMI_Handler                              0x080001e5   Thumb Code     2  startup_at32f403cx_xl.o(.text)
    HardFault_Handler                        0x080001e7   Thumb Code     2  startup_at32f403cx_xl.o(.text)
    MemManage_Handler                        0x080001e9   Thumb Code     2  startup_at32f403cx_xl.o(.text)
    BusFault_Handler                         0x080001eb   Thumb Code     2  startup_at32f403cx_xl.o(.text)
    UsageFault_Handler                       0x080001ed   Thumb Code     2  startup_at32f403cx_xl.o(.text)
    SVC_Handler                              0x080001ef   Thumb Code     2  startup_at32f403cx_xl.o(.text)
    DebugMon_Handler                         0x080001f1   Thumb Code     2  startup_at32f403cx_xl.o(.text)
    PendSV_Handler                           0x080001f3   Thumb Code     2  startup_at32f403cx_xl.o(.text)
    ADC1_2_IRQHandler                        0x080001f7   Thumb Code     0  startup_at32f403cx_xl.o(.text)
    ADC3_IRQHandler                          0x080001f7   Thumb Code     0  startup_at32f403cx_xl.o(.text)
    CAN1_RX1_IRQHandler                      0x080001f7   Thumb Code     0  startup_at32f403cx_xl.o(.text)
    CAN1_SCE_IRQHandler                      0x080001f7   Thumb Code     0  startup_at32f403cx_xl.o(.text)
    DMA1_Channel1_IRQHandler                 0x080001f7   Thumb Code     0  startup_at32f403cx_xl.o(.text)
    DMA1_Channel2_IRQHandler                 0x080001f7   Thumb Code     0  startup_at32f403cx_xl.o(.text)
    DMA1_Channel3_IRQHandler                 0x080001f7   Thumb Code     0  startup_at32f403cx_xl.o(.text)
    DMA1_Channel4_IRQHandler                 0x080001f7   Thumb Code     0  startup_at32f403cx_xl.o(.text)
    DMA1_Channel5_IRQHandler                 0x080001f7   Thumb Code     0  startup_at32f403cx_xl.o(.text)
    DMA1_Channel6_IRQHandler                 0x080001f7   Thumb Code     0  startup_at32f403cx_xl.o(.text)
    DMA1_Channel7_IRQHandler                 0x080001f7   Thumb Code     0  startup_at32f403cx_xl.o(.text)
    DMA2_Channel1_IRQHandler                 0x080001f7   Thumb Code     0  startup_at32f403cx_xl.o(.text)
    DMA2_Channel2_IRQHandler                 0x080001f7   Thumb Code     0  startup_at32f403cx_xl.o(.text)
    DMA2_Channel3_IRQHandler                 0x080001f7   Thumb Code     0  startup_at32f403cx_xl.o(.text)
    DMA2_Channel4_5_IRQHandler               0x080001f7   Thumb Code     0  startup_at32f403cx_xl.o(.text)
    EXTI0_IRQHandler                         0x080001f7   Thumb Code     0  startup_at32f403cx_xl.o(.text)
    EXTI15_10_IRQHandler                     0x080001f7   Thumb Code     0  startup_at32f403cx_xl.o(.text)
    EXTI1_IRQHandler                         0x080001f7   Thumb Code     0  startup_at32f403cx_xl.o(.text)
    EXTI2_IRQHandler                         0x080001f7   Thumb Code     0  startup_at32f403cx_xl.o(.text)
    EXTI3_IRQHandler                         0x080001f7   Thumb Code     0  startup_at32f403cx_xl.o(.text)
    EXTI4_IRQHandler                         0x080001f7   Thumb Code     0  startup_at32f403cx_xl.o(.text)
    EXTI9_5_IRQHandler                       0x080001f7   Thumb Code     0  startup_at32f403cx_xl.o(.text)
    FLASH_IRQHandler                         0x080001f7   Thumb Code     0  startup_at32f403cx_xl.o(.text)
    I2C1_ER_IRQHandler                       0x080001f7   Thumb Code     0  startup_at32f403cx_xl.o(.text)
    I2C1_EV_IRQHandler                       0x080001f7   Thumb Code     0  startup_at32f403cx_xl.o(.text)
    I2C2_ER_IRQHandler                       0x080001f7   Thumb Code     0  startup_at32f403cx_xl.o(.text)
    I2C2_EV_IRQHandler                       0x080001f7   Thumb Code     0  startup_at32f403cx_xl.o(.text)
    I2C3_ER_IRQHandler                       0x080001f7   Thumb Code     0  startup_at32f403cx_xl.o(.text)
    I2C3_EV_IRQHandler                       0x080001f7   Thumb Code     0  startup_at32f403cx_xl.o(.text)
    PVD_IRQHandler                           0x080001f7   Thumb Code     0  startup_at32f403cx_xl.o(.text)
    RCC_IRQHandler                           0x080001f7   Thumb Code     0  startup_at32f403cx_xl.o(.text)
    RTCAlarm_IRQHandler                      0x080001f7   Thumb Code     0  startup_at32f403cx_xl.o(.text)
    RTC_IRQHandler                           0x080001f7   Thumb Code     0  startup_at32f403cx_xl.o(.text)
    SDIO2_IRQHandler                         0x080001f7   Thumb Code     0  startup_at32f403cx_xl.o(.text)
    SPI1_IRQHandler                          0x080001f7   Thumb Code     0  startup_at32f403cx_xl.o(.text)
    SPI2_IRQHandler                          0x080001f7   Thumb Code     0  startup_at32f403cx_xl.o(.text)
    SPI3_IRQHandler                          0x080001f7   Thumb Code     0  startup_at32f403cx_xl.o(.text)
    TAMPER_IRQHandler                        0x080001f7   Thumb Code     0  startup_at32f403cx_xl.o(.text)
    TMR1_BRK_TMR9_IRQHandler                 0x080001f7   Thumb Code     0  startup_at32f403cx_xl.o(.text)
    TMR1_CC_IRQHandler                       0x080001f7   Thumb Code     0  startup_at32f403cx_xl.o(.text)
    TMR1_OV_TMR10_IRQHandler                 0x080001f7   Thumb Code     0  startup_at32f403cx_xl.o(.text)
    TMR1_TRG_HALL_TMR11_IRQHandler           0x080001f7   Thumb Code     0  startup_at32f403cx_xl.o(.text)
    TMR2_GLOBAL_IRQHandler                   0x080001f7   Thumb Code     0  startup_at32f403cx_xl.o(.text)
    TMR3_GLOBAL_IRQHandler                   0x080001f7   Thumb Code     0  startup_at32f403cx_xl.o(.text)
    TMR4_GLOBAL_IRQHandler                   0x080001f7   Thumb Code     0  startup_at32f403cx_xl.o(.text)
    TMR5_GLOBAL_IRQHandler                   0x080001f7   Thumb Code     0  startup_at32f403cx_xl.o(.text)
    TMR6_GLOBAL_IRQHandler                   0x080001f7   Thumb Code     0  startup_at32f403cx_xl.o(.text)
    TMR7_GLOBAL_IRQHandler                   0x080001f7   Thumb Code     0  startup_at32f403cx_xl.o(.text)
    TMR8_BRK_TMR12_IRQHandler                0x080001f7   Thumb Code     0  startup_at32f403cx_xl.o(.text)
    TMR8_CC_IRQHandler                       0x080001f7   Thumb Code     0  startup_at32f403cx_xl.o(.text)
    TMR8_OV_TMR13_IRQHandler                 0x080001f7   Thumb Code     0  startup_at32f403cx_xl.o(.text)
    TMR8_TRG_HALL_TMR14_IRQHandler           0x080001f7   Thumb Code     0  startup_at32f403cx_xl.o(.text)
    USART2_IRQHandler                        0x080001f7   Thumb Code     0  startup_at32f403cx_xl.o(.text)
    USART3_IRQHandler                        0x080001f7   Thumb Code     0  startup_at32f403cx_xl.o(.text)
    USBWakeUp_IRQHandler                     0x080001f7   Thumb Code     0  startup_at32f403cx_xl.o(.text)
    USB_HP_CAN1_TX_IRQHandler                0x080001f7   Thumb Code     0  startup_at32f403cx_xl.o(.text)
    USB_LP_CAN1_RX0_IRQHandler               0x080001f7   Thumb Code     0  startup_at32f403cx_xl.o(.text)
    WWDG_IRQHandler                          0x080001f7   Thumb Code     0  startup_at32f403cx_xl.o(.text)
    __user_initial_stackheap                 0x080001f9   Thumb Code     0  startup_at32f403cx_xl.o(.text)
    __aeabi_memclr4                          0x0800021d   Thumb Code     0  rt_memclr_w.o(.text)
    __aeabi_memclr8                          0x0800021d   Thumb Code     0  rt_memclr_w.o(.text)
    __rt_memclr_w                            0x0800021d   Thumb Code    78  rt_memclr_w.o(.text)
    _memset_w                                0x08000221   Thumb Code     0  rt_memclr_w.o(.text)
    __use_two_region_memory                  0x0800026b   Thumb Code     2  heapauxi.o(.text)
    __rt_heap_escrow$2region                 0x0800026d   Thumb Code     2  heapauxi.o(.text)
    __rt_heap_expand$2region                 0x0800026f   Thumb Code     2  heapauxi.o(.text)
    __user_setup_stackheap                   0x08000271   Thumb Code    74  sys_stackheap_outer.o(.text)
    exit                                     0x080002bb   Thumb Code    18  exit.o(.text)
    __user_libspace                          0x080002cd   Thumb Code     8  libspace.o(.text)
    __user_perproc_libspace                  0x080002cd   Thumb Code     0  libspace.o(.text)
    __user_perthread_libspace                0x080002cd   Thumb Code     0  libspace.o(.text)
    _sys_exit                                0x080002d5   Thumb Code     8  sys_exit.o(.text)
    __I$use$semihosting                      0x080002e1   Thumb Code     0  use_no_semi.o(.text)
    __use_no_semihosting_swi                 0x080002e1   Thumb Code     2  use_no_semi.o(.text)
    __semihosting_library_function           0x080002e3   Thumb Code     0  indicate_semi.o(.text)
    Delayinit                                0x080002e5   Thumb Code    28  hw_systick.o(i.Delayinit)
    GPIO_Init                                0x08000309   Thumb Code   362  gpio_init.o(i.GPIO_Init)
    GPIO_PinWrite                            0x0800047d   Thumb Code    32  gpio_init.o(i.GPIO_PinWrite)
    NVIC_Init                                0x080004a1   Thumb Code   108  nvic.o(i.NVIC_Init)
    NVIC_PriorityGroupConfig                 0x08000519   Thumb Code    10  nvic.o(i.NVIC_PriorityGroupConfig)
    SysTick_Handler                          0x08000625   Thumb Code    34  hw_systick.o(i.SysTick_Handler)
    SystemInit                               0x0800064d   Thumb Code   106  system_at32f4xx.o(i.SystemInit)
    USART1_IRQHandler                        0x080006d1   Thumb Code   140  uart.o(i.USART1_IRQHandler)
    USART_Cmd                                0x08000765   Thumb Code    48  uart.o(i.USART_Cmd)
    USART_ITConfig                           0x08000799   Thumb Code    70  uart.o(i.USART_ITConfig)
    USART_Init                               0x080007e5   Thumb Code   202  uart.o(i.USART_Init)
    call_back_send                           0x080008c5   Thumb Code    30  uart.o(i.call_back_send)
    delayms                                  0x080008e9   Thumb Code    86  hw_systick.o(i.delayms)
    getclock_frequency                       0x08000945   Thumb Code   394  getclock.o(i.getclock_frequency)
    itoa                                     0x08000ae1   Thumb Code   102  strfunc.o(i.itoa)
    led_init                                 0x08000b4d   Thumb Code    26  led.o(i.led_init)
    lib_set_brr                              0x08000b69   Thumb Code    88  uart.o(i.lib_set_brr)
    log_uart                                 0x08000bc5   Thumb Code    78  uart.o(i.log_uart)
    main                                     0x08000c15   Thumb Code    84  main.o(i.main)
    systick_setexception                     0x08000c71   Thumb Code    40  hw_systick.o(i.systick_setexception)
    uart_getinter                            0x08000c99   Thumb Code   108  uart.o(i.uart_getinter)
    uart_init                                0x08000d09   Thumb Code    82  uart.o(i.uart_init)
    uartrecvive_data                         0x08000d5d   Thumb Code    16  uart.o(i.uartrecvive_data)
    _fp_init                                 0x08000d71   Thumb Code    10  fpinit.o(x$fpl$fpinit)
    __fplib_config_fpu_vfp                   0x08000d79   Thumb Code     0  fpinit.o(x$fpl$fpinit)
    __fplib_config_pureend_doubles           0x08000d79   Thumb Code     0  fpinit.o(x$fpl$fpinit)
    Region$$Table$$Base                      0x08000d7c   Number         0  anon$$obj.o(Region$$Table)
    Region$$Table$$Limit                     0x08000d9c   Number         0  anon$$obj.o(Region$$Table)
    gpio_list                                0x20000000   Data          20  gpio_init.o(.data)
    uart_list                                0x20000020   Data          20  uart.o(.data)
    uart_rx_status                           0x20000034   Data           2  uart.o(.data)
    SystemCoreClock                          0x20000078   Data           4  system_at32f4xx.o(.data)
    AHBPscTable                              0x2000007c   Data          16  system_at32f4xx.o(.data)
    uart_rx_buf                              0x2000008c   Data        4096  uart.o(.bss)
    __libspace_start                         0x2000108c   Data          96  libspace.o(.bss)
    __temporary_stack_top$libspace           0x200010ec   Data           0  libspace.o(.bss)



==============================================================================

Memory Map of the image

  Image Entry point : 0x0800013d

  Load Region LR_IROM1 (Base: 0x08000000, Size: 0x00000e28, Max: 0x00100000, ABSOLUTE)

    Execution Region ER_IROM1 (Exec base: 0x08000000, Load base: 0x08000000, Size: 0x00000d9c, Max: 0x00100000, ABSOLUTE)

    Exec Addr    Load Addr    Size         Type   Attr      Idx    E Section Name        Object

    0x08000000   0x08000000   0x0000013c   Data   RO          584    RESET               startup_at32f403cx_xl.o
    0x0800013c   0x0800013c   0x00000008   Code   RO          646  * !!!main             c_w.l(__main.o)
    0x08000144   0x08000144   0x00000034   Code   RO          803    !!!scatter          c_w.l(__scatter.o)
    0x08000178   0x08000178   0x0000001a   Code   RO          805    !!handler_copy      c_w.l(__scatter_copy.o)
    0x08000192   0x08000192   0x00000002   PAD
    0x08000194   0x08000194   0x0000001c   Code   RO          807    !!handler_zi        c_w.l(__scatter_zi.o)
    0x080001b0   0x080001b0   0x00000002   Code   RO          673    .ARM.Collect$$libinit$$00000000  c_w.l(libinit.o)
    0x080001b2   0x080001b2   0x00000004   Code   RO          679    .ARM.Collect$$libinit$$00000001  c_w.l(libinit2.o)
    0x080001b6   0x080001b6   0x00000000   Code   RO          682    .ARM.Collect$$libinit$$00000004  c_w.l(libinit2.o)
    0x080001b6   0x080001b6   0x00000000   Code   RO          685    .ARM.Collect$$libinit$$0000000A  c_w.l(libinit2.o)
    0x080001b6   0x080001b6   0x00000000   Code   RO          687    .ARM.Collect$$libinit$$0000000C  c_w.l(libinit2.o)
    0x080001b6   0x080001b6   0x00000000   Code   RO          689    .ARM.Collect$$libinit$$0000000E  c_w.l(libinit2.o)
    0x080001b6   0x080001b6   0x00000000   Code   RO          692    .ARM.Collect$$libinit$$00000011  c_w.l(libinit2.o)
    0x080001b6   0x080001b6   0x00000000   Code   RO          694    .ARM.Collect$$libinit$$00000013  c_w.l(libinit2.o)
    0x080001b6   0x080001b6   0x00000000   Code   RO          696    .ARM.Collect$$libinit$$00000015  c_w.l(libinit2.o)
    0x080001b6   0x080001b6   0x00000000   Code   RO          698    .ARM.Collect$$libinit$$00000017  c_w.l(libinit2.o)
    0x080001b6   0x080001b6   0x00000000   Code   RO          700    .ARM.Collect$$libinit$$00000019  c_w.l(libinit2.o)
    0x080001b6   0x080001b6   0x00000000   Code   RO          702    .ARM.Collect$$libinit$$0000001B  c_w.l(libinit2.o)
    0x080001b6   0x080001b6   0x00000000   Code   RO          704    .ARM.Collect$$libinit$$0000001D  c_w.l(libinit2.o)
    0x080001b6   0x080001b6   0x00000000   Code   RO          706    .ARM.Collect$$libinit$$0000001F  c_w.l(libinit2.o)
    0x080001b6   0x080001b6   0x00000000   Code   RO          708    .ARM.Collect$$libinit$$00000021  c_w.l(libinit2.o)
    0x080001b6   0x080001b6   0x00000000   Code   RO          710    .ARM.Collect$$libinit$$00000023  c_w.l(libinit2.o)
    0x080001b6   0x080001b6   0x00000000   Code   RO          712    .ARM.Collect$$libinit$$00000025  c_w.l(libinit2.o)
    0x080001b6   0x080001b6   0x00000000   Code   RO          716    .ARM.Collect$$libinit$$0000002C  c_w.l(libinit2.o)
    0x080001b6   0x080001b6   0x00000000   Code   RO          718    .ARM.Collect$$libinit$$0000002E  c_w.l(libinit2.o)
    0x080001b6   0x080001b6   0x00000000   Code   RO          720    .ARM.Collect$$libinit$$00000030  c_w.l(libinit2.o)
    0x080001b6   0x080001b6   0x00000000   Code   RO          722    .ARM.Collect$$libinit$$00000032  c_w.l(libinit2.o)
    0x080001b6   0x080001b6   0x00000002   Code   RO          723    .ARM.Collect$$libinit$$00000033  c_w.l(libinit2.o)
    0x080001b8   0x080001b8   0x00000002   Code   RO          743    .ARM.Collect$$libshutdown$$00000000  c_w.l(libshutdown.o)
    0x080001ba   0x080001ba   0x00000000   Code   RO          756    .ARM.Collect$$libshutdown$$00000002  c_w.l(libshutdown2.o)
    0x080001ba   0x080001ba   0x00000000   Code   RO          758    .ARM.Collect$$libshutdown$$00000004  c_w.l(libshutdown2.o)
    0x080001ba   0x080001ba   0x00000000   Code   RO          761    .ARM.Collect$$libshutdown$$00000007  c_w.l(libshutdown2.o)
    0x080001ba   0x080001ba   0x00000000   Code   RO          764    .ARM.Collect$$libshutdown$$0000000A  c_w.l(libshutdown2.o)
    0x080001ba   0x080001ba   0x00000000   Code   RO          766    .ARM.Collect$$libshutdown$$0000000C  c_w.l(libshutdown2.o)
    0x080001ba   0x080001ba   0x00000000   Code   RO          769    .ARM.Collect$$libshutdown$$0000000F  c_w.l(libshutdown2.o)
    0x080001ba   0x080001ba   0x00000002   Code   RO          770    .ARM.Collect$$libshutdown$$00000010  c_w.l(libshutdown2.o)
    0x080001bc   0x080001bc   0x00000000   Code   RO          648    .ARM.Collect$$rtentry$$00000000  c_w.l(__rtentry.o)
    0x080001bc   0x080001bc   0x00000000   Code   RO          650    .ARM.Collect$$rtentry$$00000002  c_w.l(__rtentry2.o)
    0x080001bc   0x080001bc   0x00000006   Code   RO          662    .ARM.Collect$$rtentry$$00000004  c_w.l(__rtentry4.o)
    0x080001c2   0x080001c2   0x00000000   Code   RO          652    .ARM.Collect$$rtentry$$00000009  c_w.l(__rtentry2.o)
    0x080001c2   0x080001c2   0x00000004   Code   RO          653    .ARM.Collect$$rtentry$$0000000A  c_w.l(__rtentry2.o)
    0x080001c6   0x080001c6   0x00000000   Code   RO          655    .ARM.Collect$$rtentry$$0000000C  c_w.l(__rtentry2.o)
    0x080001c6   0x080001c6   0x00000008   Code   RO          656    .ARM.Collect$$rtentry$$0000000D  c_w.l(__rtentry2.o)
    0x080001ce   0x080001ce   0x00000002   Code   RO          677    .ARM.Collect$$rtexit$$00000000  c_w.l(rtexit.o)
    0x080001d0   0x080001d0   0x00000000   Code   RO          725    .ARM.Collect$$rtexit$$00000002  c_w.l(rtexit2.o)
    0x080001d0   0x080001d0   0x00000004   Code   RO          726    .ARM.Collect$$rtexit$$00000003  c_w.l(rtexit2.o)
    0x080001d4   0x080001d4   0x00000006   Code   RO          727    .ARM.Collect$$rtexit$$00000004  c_w.l(rtexit2.o)
    0x080001da   0x080001da   0x00000002   PAD
    0x080001dc   0x080001dc   0x00000040   Code   RO          585    .text               startup_at32f403cx_xl.o
    0x0800021c   0x0800021c   0x0000004e   Code   RO          642    .text               c_w.l(rt_memclr_w.o)
    0x0800026a   0x0800026a   0x00000006   Code   RO          644    .text               c_w.l(heapauxi.o)
    0x08000270   0x08000270   0x0000004a   Code   RO          664    .text               c_w.l(sys_stackheap_outer.o)
    0x080002ba   0x080002ba   0x00000012   Code   RO          666    .text               c_w.l(exit.o)
    0x080002cc   0x080002cc   0x00000008   Code   RO          674    .text               c_w.l(libspace.o)
    0x080002d4   0x080002d4   0x0000000c   Code   RO          735    .text               c_w.l(sys_exit.o)
    0x080002e0   0x080002e0   0x00000002   Code   RO          746    .text               c_w.l(use_no_semi.o)
    0x080002e2   0x080002e2   0x00000000   Code   RO          748    .text               c_w.l(indicate_semi.o)
    0x080002e2   0x080002e2   0x00000002   PAD
    0x080002e4   0x080002e4   0x00000024   Code   RO          118    i.Delayinit         hw_systick.o
    0x08000308   0x08000308   0x00000174   Code   RO           79    i.GPIO_Init         gpio_init.o
    0x0800047c   0x0800047c   0x00000024   Code   RO           81    i.GPIO_PinWrite     gpio_init.o
    0x080004a0   0x080004a0   0x00000078   Code   RO          192    i.NVIC_Init         nvic.o
    0x08000518   0x08000518   0x00000014   Code   RO          193    i.NVIC_PriorityGroupConfig  nvic.o
    0x0800052c   0x0800052c   0x00000008   Code   RO          592    i.SetSysClock       system_at32f4xx.o
    0x08000534   0x08000534   0x000000f0   Code   RO          593    i.SetSysClockTo192M  system_at32f4xx.o
    0x08000624   0x08000624   0x00000028   Code   RO          119    i.SysTick_Handler   hw_systick.o
    0x0800064c   0x0800064c   0x00000084   Code   RO          595    i.SystemInit        system_at32f4xx.o
    0x080006d0   0x080006d0   0x00000094   Code   RO          222    i.USART1_IRQHandler  uart.o
    0x08000764   0x08000764   0x00000034   Code   RO          223    i.USART_Cmd         uart.o
    0x08000798   0x08000798   0x0000004c   Code   RO          224    i.USART_ITConfig    uart.o
    0x080007e4   0x080007e4   0x000000d4   Code   RO          225    i.USART_Init        uart.o
    0x080008b8   0x080008b8   0x0000000c   Code   RO          596    i.WaitHseStbl       system_at32f4xx.o
    0x080008c4   0x080008c4   0x00000024   Code   RO          226    i.call_back_send    uart.o
    0x080008e8   0x080008e8   0x0000005c   Code   RO          120    i.delayms           hw_systick.o
    0x08000944   0x08000944   0x0000019c   Code   RO          536    i.getclock_frequency  getclock.o
    0x08000ae0   0x08000ae0   0x0000006c   Code   RO          560    i.itoa              strfunc.o
    0x08000b4c   0x08000b4c   0x0000001a   Code   RO          168    i.led_init          led.o
    0x08000b66   0x08000b66   0x00000002   PAD
    0x08000b68   0x08000b68   0x0000005c   Code   RO          227    i.lib_set_brr       uart.o
    0x08000bc4   0x08000bc4   0x0000004e   Code   RO          228    i.log_uart          uart.o
    0x08000c12   0x08000c12   0x00000002   PAD
    0x08000c14   0x08000c14   0x0000005c   Code   RO            4    i.main              main.o
    0x08000c70   0x08000c70   0x00000028   Code   RO          122    i.systick_setexception  hw_systick.o
    0x08000c98   0x08000c98   0x00000070   Code   RO          230    i.uart_getinter     uart.o
    0x08000d08   0x08000d08   0x00000052   Code   RO          231    i.uart_init         uart.o
    0x08000d5a   0x08000d5a   0x00000002   PAD
    0x08000d5c   0x08000d5c   0x00000014   Code   RO          232    i.uartrecvive_data  uart.o
    0x08000d70   0x08000d70   0x0000000a   Code   RO          733    x$fpl$fpinit        fz_wm.l(fpinit.o)
    0x08000d7a   0x08000d7a   0x00000002   PAD
    0x08000d7c   0x08000d7c   0x00000020   Data   RO          801    Region$$Table       anon$$obj.o


    Execution Region RW_IRAM1 (Exec base: 0x20000000, Load base: 0x08000d9c, Size: 0x000016f0, Max: 0x00038000, ABSOLUTE)

    Exec Addr    Load Addr    Size         Type   Attr      Idx    E Section Name        Object

    0x20000000   0x08000d9c   0x00000014   Data   RW           82    .data               gpio_init.o
    0x20000014   0x08000db0   0x0000000c   Data   RW          123    .data               hw_systick.o
    0x20000020   0x08000dbc   0x00000016   Data   RW          234    .data               uart.o
    0x20000036   0x08000dd2   0x00000040   Data   RW          561    .data               strfunc.o
    0x20000076   0x08000e12   0x00000002   PAD
    0x20000078   0x08000e14   0x00000014   Data   RW          597    .data               system_at32f4xx.o
    0x2000008c        -       0x00001000   Zero   RW          233    .bss                uart.o
    0x2000108c        -       0x00000060   Zero   RW          675    .bss                c_w.l(libspace.o)
    0x200010ec   0x08000e28   0x00000004   PAD
    0x200010f0        -       0x00000200   Zero   RW          583    HEAP                startup_at32f403cx_xl.o
    0x200012f0        -       0x00000400   Zero   RW          582    STACK               startup_at32f403cx_xl.o


==============================================================================

Image component sizes


      Code (inc. data)   RO Data    RW Data    ZI Data      Debug   Object Name

       412         60          0          0          0        953   getclock.o
       408         20          0         20          0       2044   gpio_init.o
       208         20          0         12          0       2223   hw_systick.o
        26          0          0          0          0        439   led.o
        92          8          0          0          0     221691   main.o
       140         22          0          0          0       1291   nvic.o
        64         26        316          0       1536        812   startup_at32f403cx_xl.o
       108          6          0         64          0        695   strfunc.o
       392         40          0         20          0       2735   system_at32f4xx.o
       908         52          0         22       4096       7210   uart.o

    ----------------------------------------------------------------------
      2764        254        348        140       5632     240093   Object Totals
         0          0         32          0          0          0   (incl. Generated)
         6          0          0          2          0          0   (incl. Padding)

    ----------------------------------------------------------------------

      Code (inc. data)   RO Data    RW Data    ZI Data      Debug   Library Member Name

         8          0          0          0          0         68   __main.o
         0          0          0          0          0          0   __rtentry.o
        12          0          0          0          0          0   __rtentry2.o
         6          0          0          0          0          0   __rtentry4.o
        52          8          0          0          0          0   __scatter.o
        26          0          0          0          0          0   __scatter_copy.o
        28          0          0          0          0          0   __scatter_zi.o
        18          0          0          0          0         80   exit.o
         6          0          0          0          0        152   heapauxi.o
         0          0          0          0          0          0   indicate_semi.o
         2          0          0          0          0          0   libinit.o
         6          0          0          0          0          0   libinit2.o
         2          0          0          0          0          0   libshutdown.o
         2          0          0          0          0          0   libshutdown2.o
         8          4          0          0         96         68   libspace.o
        78          0          0          0          0         80   rt_memclr_w.o
         2          0          0          0          0          0   rtexit.o
        10          0          0          0          0          0   rtexit2.o
        12          4          0          0          0         68   sys_exit.o
        74          0          0          0          0         80   sys_stackheap_outer.o
         2          0          0          0          0         68   use_no_semi.o
        10          0          0          0          0        116   fpinit.o

    ----------------------------------------------------------------------
       372         16          0          0        100        780   Library Totals
         8          0          0          0          4          0   (incl. Padding)

    ----------------------------------------------------------------------

      Code (inc. data)   RO Data    RW Data    ZI Data      Debug   Library Name

       354         16          0          0         96        664   c_w.l
        10          0          0          0          0        116   fz_wm.l

    ----------------------------------------------------------------------
       372         16          0          0        100        780   Library Totals

    ----------------------------------------------------------------------

==============================================================================


      Code (inc. data)   RO Data    RW Data    ZI Data      Debug   

      3136        270        348        140       5732     238465   Grand Totals
      3136        270        348        140       5732     238465   ELF Image Totals
      3136        270        348        140          0          0   ROM Totals

==============================================================================

    Total RO  Size (Code + RO Data)                 3484 (   3.40kB)
    Total RW  Size (RW Data + ZI Data)              5872 (   5.73kB)
    Total ROM Size (Code + RO Data + RW Data)       3624 (   3.54kB)

==============================================================================

