Component: ARM Compiler 5.06 update 6 (build 750) Tool: armlink [4d35ed]

==============================================================================

Section Cross References

    main.o(i.main) refers to getclock.o(i.getclock_frequency) for getclock_frequency
    main.o(i.main) refers to hw_systick.o(i.Delayinit) for Delayinit
    main.o(i.main) refers to led.o(i.led_init) for led_init
    main.o(i.main) refers to nvic.o(i.NVIC_PriorityGroupConfig) for NVIC_PriorityGroupConfig
    main.o(i.main) refers to uart.o(i.uart_virtual) for uart_virtual
    main.o(i.main) refers to uart.o(i.uartsend_data) for uartsend_data
    main.o(i.main) refers to system_at32f4xx.o(.data) for SystemCoreClock
    main.o(i.main) refers to uart.o(.data) for uart_read_status
    getclock.o(i.getclock_frequency) refers to system_at32f4xx.o(.data) for SystemCoreClock
    gpio_init.o(i.GPIO_Init) refers to gpio_init.o(.data) for gpio_list
    gpio_init.o(i.GPIO_PinToggle) refers to gpio_init.o(i.GPIO_PinWrite) for GPIO_PinWrite
    gpio_init.o(i.GPIO_PinToggle) refers to gpio_init.o(.data) for gpio_list
    gpio_init.o(i.GPIO_PinWrite) refers to gpio_init.o(.data) for gpio_list
    gpio_init.o(i.read_gpioport) refers to gpio_init.o(.data) for gpio_list
    hw_systick.o(i.Delayinit) refers to hw_systick.o(.data) for fac_us1
    hw_systick.o(i.SysTick_Handler) refers to strfunc.o(i.itoa) for itoa
    hw_systick.o(i.SysTick_Handler) refers to uart.o(i.log_uart) for log_uart
    hw_systick.o(i.SysTick_Handler) refers to hw_systick.o(.data) for count
    hw_systick.o(i.delayms) refers to hw_systick.o(.data) for fac_us1
    hw_systick.o(i.delayus) refers to hw_systick.o(.data) for fac_us1
    led.o(i.led_init) refers to gpio_init.o(i.GPIO_Init) for GPIO_Init
    led.o(i.led_init) refers to gpio_init.o(i.GPIO_PinWrite) for GPIO_PinWrite
    strfunc.o(i.itoa) refers to rt_memclr_w.o(.text) for __aeabi_memclr4
    strfunc.o(i.itoa) refers to strfunc.o(.data) for str1
    uart.o(i.USART1_IRQHandler) refers to uart.o(i.uart_getinter) for uart_getinter
    uart.o(i.USART1_IRQHandler) refers to uart.o(i.uartrecvive_data) for uartrecvive_data
    uart.o(i.USART1_IRQHandler) refers to gpio_init.o(i.GPIO_PinWrite) for GPIO_PinWrite
    uart.o(i.USART1_IRQHandler) refers to uart.o(.data) for uart_rx_status
    uart.o(i.USART1_IRQHandler) refers to uart.o(.bss) for uart_rx_buf
    uart.o(i.USART_Cmd) refers to uart.o(.data) for uart_list
    uart.o(i.USART_ITConfig) refers to uart.o(.data) for uart_list
    uart.o(i.USART_Init) refers to uart.o(i.lib_set_brr) for lib_set_brr
    uart.o(i.USART_Init) refers to uart.o(.data) for uart_list
    uart.o(i.call_back_send) refers to uart.o(.data) for uart_list
    uart.o(i.lib_set_brr) refers to getclock.o(i.getclock_frequency) for getclock_frequency
    uart.o(i.lib_set_brr) refers to uart.o(.data) for uart_list
    uart.o(i.log_uart) refers to uart.o(i.call_back_send) for call_back_send
    uart.o(i.readdata) refers to gpio_init.o(i.read_gpioport) for read_gpioport
    uart.o(i.set_brr) refers to getclock.o(i.getclock_frequency) for getclock_frequency
    uart.o(i.set_brr) refers to uart.o(.data) for uart_list
    uart.o(i.uart_getinter) refers to uart.o(.data) for uart_list
    uart.o(i.uart_init) refers to gpio_init.o(i.GPIO_Init) for GPIO_Init
    uart.o(i.uart_init) refers to uart.o(i.USART_Init) for USART_Init
    uart.o(i.uart_init) refers to uart.o(i.USART_ITConfig) for USART_ITConfig
    uart.o(i.uart_init) refers to uart.o(i.USART_Cmd) for USART_Cmd
    uart.o(i.uart_init) refers to nvic.o(i.NVIC_Init) for NVIC_Init
    uart.o(i.uart_recvive_data) refers to hw_systick.o(i.delayus) for delayus
    uart.o(i.uart_recvive_data) refers to uart.o(i.readdata) for readdata
    uart.o(i.uart_recvive_data) refers to uart.o(.data) for uart_delayus_again
    uart.o(i.uart_recvive_data) refers to uart.o(.bss) for uart_read_buf
    uart.o(i.uart_virtual) refers to exti.o(i.uart1_io_config) for uart1_io_config
    uart.o(i.uart_virtual) refers to uart.o(.data) for uart_delayus
    uart.o(i.uartrecvive_data) refers to uart.o(.data) for uart_list
    uart.o(i.uartsend_data) refers to uart.o(i.virtual_serial) for virtual_serial
    uart.o(i.uartsend_data) refers to uart.o(.bss) for uart_read_buf
    uart.o(i.virtual_serial) refers to uart.o(i.writedata) for writedata
    uart.o(i.virtual_serial) refers to hw_systick.o(i.delayus) for delayus
    uart.o(i.virtual_serial) refers to uart.o(.data) for uart_delayus
    uart.o(i.writedata) refers to gpio_init.o(i.GPIO_PinWrite) for GPIO_PinWrite
    exti.o(i.EXTI15_10_IRQHandler) refers to exti.o(i.get_extiinter) for get_extiinter
    exti.o(i.EXTI15_10_IRQHandler) refers to uart.o(i.uart_recvive_data) for uart_recvive_data
    exti.o(i.EXTI15_10_IRQHandler) refers to exti.o(i.clean_extiinter) for clean_extiinter
    exti.o(i.EXTI15_10_IRQHandler) refers to uart.o(.data) for uart_read_status
    exti.o(i.EXTI15_10_IRQHandler) refers to uart.o(.bss) for uart_read_buf
    exti.o(i.uart1_io_config) refers to gpio_init.o(i.GPIO_Init) for GPIO_Init
    exti.o(i.uart1_io_config) refers to gpio_init.o(i.AFIO_Init) for AFIO_Init
    exti.o(i.uart1_io_config) refers to exti.o(i.exti_init) for exti_init
    exti.o(i.uart1_io_config) refers to nvic.o(i.NVIC_Init) for NVIC_Init
    system_at32f4xx.o(i.SetSysClock) refers to system_at32f4xx.o(i.SetSysClockTo192M) for SetSysClockTo192M
    system_at32f4xx.o(i.SetSysClockTo192M) refers to system_at32f4xx.o(i.WaitHseStbl) for WaitHseStbl
    system_at32f4xx.o(i.SystemInit) refers to system_at32f4xx.o(i.SetSysClock) for SetSysClock
    startup_at32f403zx_xl.o(STACK) refers (Special) to heapauxi.o(.text) for __use_two_region_memory
    startup_at32f403zx_xl.o(HEAP) refers (Special) to heapauxi.o(.text) for __use_two_region_memory
    startup_at32f403zx_xl.o(RESET) refers (Special) to heapauxi.o(.text) for __use_two_region_memory
    startup_at32f403zx_xl.o(RESET) refers to startup_at32f403zx_xl.o(STACK) for __initial_sp
    startup_at32f403zx_xl.o(RESET) refers to startup_at32f403zx_xl.o(.text) for Reset_Handler
    startup_at32f403zx_xl.o(RESET) refers to hw_systick.o(i.SysTick_Handler) for SysTick_Handler
    startup_at32f403zx_xl.o(RESET) refers to uart.o(i.USART1_IRQHandler) for USART1_IRQHandler
    startup_at32f403zx_xl.o(RESET) refers to exti.o(i.EXTI15_10_IRQHandler) for EXTI15_10_IRQHandler
    startup_at32f403zx_xl.o(.text) refers (Special) to heapauxi.o(.text) for __use_two_region_memory
    startup_at32f403zx_xl.o(.text) refers to system_at32f4xx.o(i.SystemInit) for SystemInit
    startup_at32f403zx_xl.o(.text) refers to __main.o(!!!main) for __main
    startup_at32f403zx_xl.o(.text) refers to startup_at32f403zx_xl.o(HEAP) for Heap_Mem
    startup_at32f403zx_xl.o(.text) refers to startup_at32f403zx_xl.o(STACK) for Stack_Mem
    __main.o(!!!main) refers to __rtentry.o(.ARM.Collect$$rtentry$$00000000) for __rt_entry
    __rtentry.o(.ARM.Collect$$rtentry$$00000000) refers (Special) to __rtentry2.o(.ARM.Collect$$rtentry$$0000000A) for __rt_entry_li
    __rtentry.o(.ARM.Collect$$rtentry$$00000000) refers (Special) to __rtentry2.o(.ARM.Collect$$rtentry$$0000000D) for __rt_entry_main
    __rtentry.o(.ARM.Collect$$rtentry$$00000000) refers (Special) to __rtentry2.o(.ARM.Collect$$rtentry$$0000000C) for __rt_entry_postli_1
    __rtentry.o(.ARM.Collect$$rtentry$$00000000) refers (Special) to __rtentry2.o(.ARM.Collect$$rtentry$$00000009) for __rt_entry_postsh_1
    __rtentry.o(.ARM.Collect$$rtentry$$00000000) refers (Special) to __rtentry2.o(.ARM.Collect$$rtentry$$00000002) for __rt_entry_presh_1
    __rtentry.o(.ARM.Collect$$rtentry$$00000000) refers (Special) to __rtentry4.o(.ARM.Collect$$rtentry$$00000004) for __rt_entry_sh
    __rtentry2.o(.ARM.Collect$$rtentry$$00000008) refers to boardinit2.o(.text) for _platform_post_stackheap_init
    __rtentry2.o(.ARM.Collect$$rtentry$$0000000A) refers to libinit.o(.ARM.Collect$$libinit$$00000000) for __rt_lib_init
    __rtentry2.o(.ARM.Collect$$rtentry$$0000000B) refers to boardinit3.o(.text) for _platform_post_lib_init
    __rtentry2.o(.ARM.Collect$$rtentry$$0000000D) refers to main.o(i.main) for main
    __rtentry2.o(.ARM.Collect$$rtentry$$0000000D) refers to exit.o(.text) for exit
    __rtentry2.o(.ARM.exidx) refers to __rtentry2.o(.ARM.Collect$$rtentry$$00000001) for .ARM.Collect$$rtentry$$00000001
    __rtentry2.o(.ARM.exidx) refers to __rtentry2.o(.ARM.Collect$$rtentry$$00000008) for .ARM.Collect$$rtentry$$00000008
    __rtentry2.o(.ARM.exidx) refers to __rtentry2.o(.ARM.Collect$$rtentry$$0000000A) for .ARM.Collect$$rtentry$$0000000A
    __rtentry2.o(.ARM.exidx) refers to __rtentry2.o(.ARM.Collect$$rtentry$$0000000B) for .ARM.Collect$$rtentry$$0000000B
    __rtentry2.o(.ARM.exidx) refers to __rtentry2.o(.ARM.Collect$$rtentry$$0000000D) for .ARM.Collect$$rtentry$$0000000D
    __rtentry4.o(.ARM.Collect$$rtentry$$00000004) refers to sys_stackheap_outer.o(.text) for __user_setup_stackheap
    __rtentry4.o(.ARM.exidx) refers to __rtentry4.o(.ARM.Collect$$rtentry$$00000004) for .ARM.Collect$$rtentry$$00000004
    sys_stackheap_outer.o(.text) refers to libspace.o(.text) for __user_perproc_libspace
    sys_stackheap_outer.o(.text) refers to startup_at32f403zx_xl.o(.text) for __user_initial_stackheap
    exit.o(.text) refers to rtexit.o(.ARM.Collect$$rtexit$$00000000) for __rt_exit
    libinit.o(.ARM.Collect$$libinit$$00000000) refers (Special) to libinit2.o(.ARM.Collect$$libinit$$0000002E) for __rt_lib_init_alloca_1
    libinit.o(.ARM.Collect$$libinit$$00000000) refers (Special) to libinit2.o(.ARM.Collect$$libinit$$0000002C) for __rt_lib_init_argv_1
    libinit.o(.ARM.Collect$$libinit$$00000000) refers (Special) to libinit2.o(.ARM.Collect$$libinit$$0000001B) for __rt_lib_init_atexit_1
    libinit.o(.ARM.Collect$$libinit$$00000000) refers (Special) to libinit2.o(.ARM.Collect$$libinit$$00000021) for __rt_lib_init_clock_1
    libinit.o(.ARM.Collect$$libinit$$00000000) refers (Special) to libinit2.o(.ARM.Collect$$libinit$$00000032) for __rt_lib_init_cpp_1
    libinit.o(.ARM.Collect$$libinit$$00000000) refers (Special) to libinit2.o(.ARM.Collect$$libinit$$00000030) for __rt_lib_init_exceptions_1
    libinit.o(.ARM.Collect$$libinit$$00000000) refers (Special) to libinit2.o(.ARM.Collect$$libinit$$00000001) for __rt_lib_init_fp_1
    libinit.o(.ARM.Collect$$libinit$$00000000) refers (Special) to libinit2.o(.ARM.Collect$$libinit$$0000001F) for __rt_lib_init_fp_trap_1
    libinit.o(.ARM.Collect$$libinit$$00000000) refers (Special) to libinit2.o(.ARM.Collect$$libinit$$00000023) for __rt_lib_init_getenv_1
    libinit.o(.ARM.Collect$$libinit$$00000000) refers (Special) to libinit2.o(.ARM.Collect$$libinit$$0000000A) for __rt_lib_init_heap_1
    libinit.o(.ARM.Collect$$libinit$$00000000) refers (Special) to libinit2.o(.ARM.Collect$$libinit$$00000011) for __rt_lib_init_lc_collate_1
    libinit.o(.ARM.Collect$$libinit$$00000000) refers (Special) to libinit2.o(.ARM.Collect$$libinit$$00000013) for __rt_lib_init_lc_ctype_1
    libinit.o(.ARM.Collect$$libinit$$00000000) refers (Special) to libinit2.o(.ARM.Collect$$libinit$$00000015) for __rt_lib_init_lc_monetary_1
    libinit.o(.ARM.Collect$$libinit$$00000000) refers (Special) to libinit2.o(.ARM.Collect$$libinit$$00000017) for __rt_lib_init_lc_numeric_1
    libinit.o(.ARM.Collect$$libinit$$00000000) refers (Special) to libinit2.o(.ARM.Collect$$libinit$$00000019) for __rt_lib_init_lc_time_1
    libinit.o(.ARM.Collect$$libinit$$00000000) refers (Special) to libinit2.o(.ARM.Collect$$libinit$$00000004) for __rt_lib_init_preinit_1
    libinit.o(.ARM.Collect$$libinit$$00000000) refers (Special) to libinit2.o(.ARM.Collect$$libinit$$0000000E) for __rt_lib_init_rand_1
    libinit.o(.ARM.Collect$$libinit$$00000000) refers (Special) to libinit2.o(.ARM.Collect$$libinit$$00000033) for __rt_lib_init_return
    libinit.o(.ARM.Collect$$libinit$$00000000) refers (Special) to libinit2.o(.ARM.Collect$$libinit$$0000001D) for __rt_lib_init_signal_1
    libinit.o(.ARM.Collect$$libinit$$00000000) refers (Special) to libinit2.o(.ARM.Collect$$libinit$$00000025) for __rt_lib_init_stdio_1
    libinit.o(.ARM.Collect$$libinit$$00000000) refers (Special) to libinit2.o(.ARM.Collect$$libinit$$0000000C) for __rt_lib_init_user_alloc_1
    libspace.o(.text) refers to libspace.o(.bss) for __libspace_start
    rtexit.o(.ARM.Collect$$rtexit$$00000000) refers (Special) to rtexit2.o(.ARM.Collect$$rtexit$$00000004) for __rt_exit_exit
    rtexit.o(.ARM.Collect$$rtexit$$00000000) refers (Special) to rtexit2.o(.ARM.Collect$$rtexit$$00000003) for __rt_exit_ls
    rtexit.o(.ARM.Collect$$rtexit$$00000000) refers (Special) to rtexit2.o(.ARM.Collect$$rtexit$$00000002) for __rt_exit_prels_1
    rtexit.o(.ARM.exidx) refers (Special) to rtexit2.o(.ARM.Collect$$rtexit$$00000004) for __rt_exit_exit
    rtexit.o(.ARM.exidx) refers (Special) to rtexit2.o(.ARM.Collect$$rtexit$$00000003) for __rt_exit_ls
    rtexit.o(.ARM.exidx) refers (Special) to rtexit2.o(.ARM.Collect$$rtexit$$00000002) for __rt_exit_prels_1
    rtexit.o(.ARM.exidx) refers to rtexit.o(.ARM.Collect$$rtexit$$00000000) for .ARM.Collect$$rtexit$$00000000
    libinit2.o(.ARM.Collect$$libinit$$00000001) refers to fpinit.o(x$fpl$fpinit) for _fp_init
    libinit2.o(.ARM.Collect$$libinit$$00000010) refers to libinit2.o(.ARM.Collect$$libinit$$0000000F) for .ARM.Collect$$libinit$$0000000F
    libinit2.o(.ARM.Collect$$libinit$$00000012) refers to libinit2.o(.ARM.Collect$$libinit$$0000000F) for .ARM.Collect$$libinit$$0000000F
    libinit2.o(.ARM.Collect$$libinit$$00000014) refers to libinit2.o(.ARM.Collect$$libinit$$0000000F) for .ARM.Collect$$libinit$$0000000F
    libinit2.o(.ARM.Collect$$libinit$$00000016) refers to libinit2.o(.ARM.Collect$$libinit$$0000000F) for .ARM.Collect$$libinit$$0000000F
    libinit2.o(.ARM.Collect$$libinit$$00000018) refers to libinit2.o(.ARM.Collect$$libinit$$0000000F) for .ARM.Collect$$libinit$$0000000F
    libinit2.o(.ARM.Collect$$libinit$$00000026) refers to argv_veneer.o(.emb_text) for __ARM_argv_veneer
    libinit2.o(.ARM.Collect$$libinit$$00000027) refers to argv_veneer.o(.emb_text) for __ARM_argv_veneer
    rtexit2.o(.ARM.Collect$$rtexit$$00000003) refers to libshutdown.o(.ARM.Collect$$libshutdown$$00000000) for __rt_lib_shutdown
    rtexit2.o(.ARM.Collect$$rtexit$$00000004) refers to sys_exit.o(.text) for _sys_exit
    rtexit2.o(.ARM.exidx) refers to rtexit2.o(.ARM.Collect$$rtexit$$00000001) for .ARM.Collect$$rtexit$$00000001
    rtexit2.o(.ARM.exidx) refers to rtexit2.o(.ARM.Collect$$rtexit$$00000003) for .ARM.Collect$$rtexit$$00000003
    rtexit2.o(.ARM.exidx) refers to rtexit2.o(.ARM.Collect$$rtexit$$00000004) for .ARM.Collect$$rtexit$$00000004
    argv_veneer.o(.emb_text) refers to no_argv.o(.text) for __ARM_get_argv
    sys_exit.o(.text) refers (Special) to use_no_semi.o(.text) for __I$use$semihosting
    sys_exit.o(.text) refers (Special) to indicate_semi.o(.text) for __semihosting_library_function
    _get_argv_nomalloc.o(.text) refers (Special) to hrguard.o(.text) for __heap_region$guard
    _get_argv_nomalloc.o(.text) refers to defsig_rtmem_outer.o(.text) for __rt_SIGRTMEM
    _get_argv_nomalloc.o(.text) refers to sys_command.o(.text) for _sys_command_string
    libshutdown.o(.ARM.Collect$$libshutdown$$00000000) refers (Special) to libshutdown2.o(.ARM.Collect$$libshutdown$$00000002) for __rt_lib_shutdown_cpp_1
    libshutdown.o(.ARM.Collect$$libshutdown$$00000000) refers (Special) to libshutdown2.o(.ARM.Collect$$libshutdown$$00000007) for __rt_lib_shutdown_fp_trap_1
    libshutdown.o(.ARM.Collect$$libshutdown$$00000000) refers (Special) to libshutdown2.o(.ARM.Collect$$libshutdown$$0000000F) for __rt_lib_shutdown_heap_1
    libshutdown.o(.ARM.Collect$$libshutdown$$00000000) refers (Special) to libshutdown2.o(.ARM.Collect$$libshutdown$$00000010) for __rt_lib_shutdown_return
    libshutdown.o(.ARM.Collect$$libshutdown$$00000000) refers (Special) to libshutdown2.o(.ARM.Collect$$libshutdown$$0000000A) for __rt_lib_shutdown_signal_1
    libshutdown.o(.ARM.Collect$$libshutdown$$00000000) refers (Special) to libshutdown2.o(.ARM.Collect$$libshutdown$$00000004) for __rt_lib_shutdown_stdio_1
    libshutdown.o(.ARM.Collect$$libshutdown$$00000000) refers (Special) to libshutdown2.o(.ARM.Collect$$libshutdown$$0000000C) for __rt_lib_shutdown_user_alloc_1
    sys_command.o(.text) refers (Special) to use_no_semi.o(.text) for __I$use$semihosting
    sys_command.o(.text) refers (Special) to indicate_semi.o(.text) for __semihosting_library_function
    defsig_rtmem_outer.o(.text) refers to defsig_rtmem_inner.o(.text) for __rt_SIGRTMEM_inner
    defsig_rtmem_outer.o(.text) refers to defsig_exit.o(.text) for __sig_exit
    defsig_rtmem_formal.o(.text) refers to rt_raise.o(.text) for __rt_raise
    rt_raise.o(.text) refers to __raise.o(.text) for __raise
    rt_raise.o(.text) refers to sys_exit.o(.text) for _sys_exit
    defsig_exit.o(.text) refers to sys_exit.o(.text) for _sys_exit
    defsig_rtmem_inner.o(.text) refers to defsig_general.o(.text) for __default_signal_display
    __raise.o(.text) refers to defsig.o(CL$$defsig) for __default_signal_handler
    defsig_general.o(.text) refers to sys_wrch.o(.text) for _ttywrch
    sys_wrch.o(.text) refers (Special) to use_no_semi.o(.text) for __I$use$semihosting
    sys_wrch.o(.text) refers (Special) to indicate_semi.o(.text) for __semihosting_library_function
    defsig.o(CL$$defsig) refers to defsig_rtmem_inner.o(.text) for __rt_SIGRTMEM_inner
    defsig_abrt_inner.o(.text) refers to defsig_general.o(.text) for __default_signal_display
    defsig_fpe_inner.o(.text) refers to defsig_general.o(.text) for __default_signal_display
    defsig_rtred_inner.o(.text) refers to defsig_general.o(.text) for __default_signal_display
    defsig_stak_inner.o(.text) refers to defsig_general.o(.text) for __default_signal_display
    defsig_pvfn_inner.o(.text) refers to defsig_general.o(.text) for __default_signal_display
    defsig_cppl_inner.o(.text) refers to defsig_general.o(.text) for __default_signal_display
    defsig_segv_inner.o(.text) refers to defsig_general.o(.text) for __default_signal_display
    defsig_other.o(.text) refers to defsig_general.o(.text) for __default_signal_display


==============================================================================

Removing Unused input sections from the image.

    Removing main.o(.rev16_text), (4 bytes).
    Removing main.o(.revsh_text), (4 bytes).
    Removing main.o(.rrx_text), (6 bytes).
    Removing getclock.o(.rev16_text), (4 bytes).
    Removing getclock.o(.revsh_text), (4 bytes).
    Removing getclock.o(.rrx_text), (6 bytes).
    Removing gpio_init.o(.rev16_text), (4 bytes).
    Removing gpio_init.o(.revsh_text), (4 bytes).
    Removing gpio_init.o(.rrx_text), (6 bytes).
    Removing gpio_init.o(i.GPIO_PinToggle), (52 bytes).
    Removing hw_systick.o(.rev16_text), (4 bytes).
    Removing hw_systick.o(.revsh_text), (4 bytes).
    Removing hw_systick.o(.rrx_text), (6 bytes).
    Removing hw_systick.o(i.delayms), (92 bytes).
    Removing hw_systick.o(i.systick_setexception), (40 bytes).
    Removing led.o(.rev16_text), (4 bytes).
    Removing led.o(.revsh_text), (4 bytes).
    Removing led.o(.rrx_text), (6 bytes).
    Removing nvic.o(.rev16_text), (4 bytes).
    Removing nvic.o(.revsh_text), (4 bytes).
    Removing nvic.o(.rrx_text), (6 bytes).
    Removing strfunc.o(.rev16_text), (4 bytes).
    Removing strfunc.o(.revsh_text), (4 bytes).
    Removing strfunc.o(.rrx_text), (6 bytes).
    Removing uart.o(.rev16_text), (4 bytes).
    Removing uart.o(.revsh_text), (4 bytes).
    Removing uart.o(.rrx_text), (6 bytes).
    Removing uart.o(i.USART_Cmd), (52 bytes).
    Removing uart.o(i.USART_ITConfig), (76 bytes).
    Removing uart.o(i.USART_Init), (212 bytes).
    Removing uart.o(i.lib_set_brr), (92 bytes).
    Removing uart.o(i.set_brr), (52 bytes).
    Removing uart.o(i.uart_init), (82 bytes).
    Removing exti.o(.rev16_text), (4 bytes).
    Removing exti.o(.revsh_text), (4 bytes).
    Removing exti.o(.rrx_text), (6 bytes).
    Removing system_at32f4xx.o(.rev16_text), (4 bytes).
    Removing system_at32f4xx.o(.revsh_text), (4 bytes).
    Removing system_at32f4xx.o(.rrx_text), (6 bytes).
    Removing system_at32f4xx.o(i.SystemCoreClockUpdate), (2 bytes).

40 unused section(s) (total 892 bytes) removed from the image.

==============================================================================

Image Symbol Table

    Local Symbols

    Symbol Name                              Value     Ov Type        Size  Object(Section)

    ../clib/angel/boardlib.s                 0x00000000   Number         0  boardinit1.o ABSOLUTE
    ../clib/angel/boardlib.s                 0x00000000   Number         0  boardshut.o ABSOLUTE
    ../clib/angel/boardlib.s                 0x00000000   Number         0  boardinit3.o ABSOLUTE
    ../clib/angel/boardlib.s                 0x00000000   Number         0  boardinit2.o ABSOLUTE
    ../clib/angel/handlers.s                 0x00000000   Number         0  __scatter_copy.o ABSOLUTE
    ../clib/angel/handlers.s                 0x00000000   Number         0  __scatter_zi.o ABSOLUTE
    ../clib/angel/kernel.s                   0x00000000   Number         0  rtexit.o ABSOLUTE
    ../clib/angel/kernel.s                   0x00000000   Number         0  __rtentry2.o ABSOLUTE
    ../clib/angel/kernel.s                   0x00000000   Number         0  rtexit2.o ABSOLUTE
    ../clib/angel/kernel.s                   0x00000000   Number         0  __rtentry4.o ABSOLUTE
    ../clib/angel/kernel.s                   0x00000000   Number         0  __rtentry.o ABSOLUTE
    ../clib/angel/rt.s                       0x00000000   Number         0  rt_raise.o ABSOLUTE
    ../clib/angel/scatter.s                  0x00000000   Number         0  __scatter.o ABSOLUTE
    ../clib/angel/startup.s                  0x00000000   Number         0  __main.o ABSOLUTE
    ../clib/angel/sys.s                      0x00000000   Number         0  indicate_semi.o ABSOLUTE
    ../clib/angel/sys.s                      0x00000000   Number         0  sys_stackheap_outer.o ABSOLUTE
    ../clib/angel/sys.s                      0x00000000   Number         0  libspace.o ABSOLUTE
    ../clib/angel/sys.s                      0x00000000   Number         0  use_no_semi.o ABSOLUTE
    ../clib/angel/sysapp.c                   0x00000000   Number         0  sys_wrch.o ABSOLUTE
    ../clib/angel/sysapp.c                   0x00000000   Number         0  sys_exit.o ABSOLUTE
    ../clib/angel/sysapp.c                   0x00000000   Number         0  sys_command.o ABSOLUTE
    ../clib/armsys.c                         0x00000000   Number         0  no_argv.o ABSOLUTE
    ../clib/armsys.c                         0x00000000   Number         0  _get_argv_nomalloc.o ABSOLUTE
    ../clib/armsys.c                         0x00000000   Number         0  argv_veneer.o ABSOLUTE
    ../clib/armsys.c                         0x00000000   Number         0  argv_veneer.o ABSOLUTE
    ../clib/heapalloc.c                      0x00000000   Number         0  hrguard.o ABSOLUTE
    ../clib/heapaux.c                        0x00000000   Number         0  heapauxi.o ABSOLUTE
    ../clib/libinit.s                        0x00000000   Number         0  libinit2.o ABSOLUTE
    ../clib/libinit.s                        0x00000000   Number         0  libshutdown2.o ABSOLUTE
    ../clib/libinit.s                        0x00000000   Number         0  libshutdown.o ABSOLUTE
    ../clib/libinit.s                        0x00000000   Number         0  libinit.o ABSOLUTE
    ../clib/memcpset.s                       0x00000000   Number         0  rt_memclr_w.o ABSOLUTE
    ../clib/signal.c                         0x00000000   Number         0  defsig_segv_inner.o ABSOLUTE
    ../clib/signal.c                         0x00000000   Number         0  defsig_general.o ABSOLUTE
    ../clib/signal.c                         0x00000000   Number         0  defsig_rtmem_formal.o ABSOLUTE
    ../clib/signal.c                         0x00000000   Number         0  defsig_rtred_inner.o ABSOLUTE
    ../clib/signal.c                         0x00000000   Number         0  defsig_stak_inner.o ABSOLUTE
    ../clib/signal.c                         0x00000000   Number         0  defsig_pvfn_inner.o ABSOLUTE
    ../clib/signal.c                         0x00000000   Number         0  defsig_cppl_inner.o ABSOLUTE
    ../clib/signal.c                         0x00000000   Number         0  defsig_rtmem_outer.o ABSOLUTE
    ../clib/signal.c                         0x00000000   Number         0  defsig_other.o ABSOLUTE
    ../clib/signal.c                         0x00000000   Number         0  defsig_exit.o ABSOLUTE
    ../clib/signal.c                         0x00000000   Number         0  defsig_fpe_inner.o ABSOLUTE
    ../clib/signal.c                         0x00000000   Number         0  defsig_rtmem_inner.o ABSOLUTE
    ../clib/signal.c                         0x00000000   Number         0  __raise.o ABSOLUTE
    ../clib/signal.c                         0x00000000   Number         0  defsig_abrt_inner.o ABSOLUTE
    ../clib/signal.s                         0x00000000   Number         0  defsig.o ABSOLUTE
    ../clib/stdlib.c                         0x00000000   Number         0  exit.o ABSOLUTE
    ../fplib/fpinit.s                        0x00000000   Number         0  fpinit.o ABSOLUTE
    ..\..\..\Libraries\drivers\src\HW_SysTick.c 0x00000000   Number         0  hw_systick.o ABSOLUTE
    ..\..\..\Libraries\drivers\src\exti.c    0x00000000   Number         0  exti.o ABSOLUTE
    ..\..\..\Libraries\drivers\src\getclock.c 0x00000000   Number         0  getclock.o ABSOLUTE
    ..\..\..\Libraries\drivers\src\gpio_init.c 0x00000000   Number         0  gpio_init.o ABSOLUTE
    ..\..\..\Libraries\drivers\src\led.c     0x00000000   Number         0  led.o ABSOLUTE
    ..\..\..\Libraries\drivers\src\nvic.c    0x00000000   Number         0  nvic.o ABSOLUTE
    ..\..\..\Libraries\drivers\src\strfunc.c 0x00000000   Number         0  strfunc.o ABSOLUTE
    ..\..\..\Libraries\drivers\src\uart.c    0x00000000   Number         0  uart.o ABSOLUTE
    ..\..\..\Libraries\startup\DeviceSupport\startup\mdk\startup_at32f403zx_xl.s 0x00000000   Number         0  startup_at32f403zx_xl.o ABSOLUTE
    ..\..\..\Libraries\startup\DeviceSupport\system_at32f4xx.c 0x00000000   Number         0  system_at32f4xx.o ABSOLUTE
    ..\\..\\..\\Libraries\\drivers\\src\\HW_SysTick.c 0x00000000   Number         0  hw_systick.o ABSOLUTE
    ..\\..\\..\\Libraries\\drivers\\src\\exti.c 0x00000000   Number         0  exti.o ABSOLUTE
    ..\\..\\..\\Libraries\\drivers\\src\\getclock.c 0x00000000   Number         0  getclock.o ABSOLUTE
    ..\\..\\..\\Libraries\\drivers\\src\\gpio_init.c 0x00000000   Number         0  gpio_init.o ABSOLUTE
    ..\\..\\..\\Libraries\\drivers\\src\\led.c 0x00000000   Number         0  led.o ABSOLUTE
    ..\\..\\..\\Libraries\\drivers\\src\\nvic.c 0x00000000   Number         0  nvic.o ABSOLUTE
    ..\\..\\..\\Libraries\\drivers\\src\\strfunc.c 0x00000000   Number         0  strfunc.o ABSOLUTE
    ..\\..\\..\\Libraries\\drivers\\src\\uart.c 0x00000000   Number         0  uart.o ABSOLUTE
    ..\\..\\..\\Libraries\\startup\\DeviceSupport\\system_at32f4xx.c 0x00000000   Number         0  system_at32f4xx.o ABSOLUTE
    ..\\src\\main.c                          0x00000000   Number         0  main.o ABSOLUTE
    ..\src\main.c                            0x00000000   Number         0  main.o ABSOLUTE
    dc.s                                     0x00000000   Number         0  dc.o ABSOLUTE
    RESET                                    0x08000000   Section      336  startup_at32f403zx_xl.o(RESET)
    !!!main                                  0x08000150   Section        8  __main.o(!!!main)
    !!!scatter                               0x08000158   Section       52  __scatter.o(!!!scatter)
    !!handler_copy                           0x0800018c   Section       26  __scatter_copy.o(!!handler_copy)
    !!handler_zi                             0x080001a8   Section       28  __scatter_zi.o(!!handler_zi)
    .ARM.Collect$$libinit$$00000000          0x080001c4   Section        2  libinit.o(.ARM.Collect$$libinit$$00000000)
    .ARM.Collect$$libinit$$00000001          0x080001c6   Section        4  libinit2.o(.ARM.Collect$$libinit$$00000001)
    .ARM.Collect$$libinit$$00000004          0x080001ca   Section        0  libinit2.o(.ARM.Collect$$libinit$$00000004)
    .ARM.Collect$$libinit$$0000000A          0x080001ca   Section        0  libinit2.o(.ARM.Collect$$libinit$$0000000A)
    .ARM.Collect$$libinit$$0000000C          0x080001ca   Section        0  libinit2.o(.ARM.Collect$$libinit$$0000000C)
    .ARM.Collect$$libinit$$0000000E          0x080001ca   Section        0  libinit2.o(.ARM.Collect$$libinit$$0000000E)
    .ARM.Collect$$libinit$$00000011          0x080001ca   Section        0  libinit2.o(.ARM.Collect$$libinit$$00000011)
    .ARM.Collect$$libinit$$00000013          0x080001ca   Section        0  libinit2.o(.ARM.Collect$$libinit$$00000013)
    .ARM.Collect$$libinit$$00000015          0x080001ca   Section        0  libinit2.o(.ARM.Collect$$libinit$$00000015)
    .ARM.Collect$$libinit$$00000017          0x080001ca   Section        0  libinit2.o(.ARM.Collect$$libinit$$00000017)
    .ARM.Collect$$libinit$$00000019          0x080001ca   Section        0  libinit2.o(.ARM.Collect$$libinit$$00000019)
    .ARM.Collect$$libinit$$0000001B          0x080001ca   Section        0  libinit2.o(.ARM.Collect$$libinit$$0000001B)
    .ARM.Collect$$libinit$$0000001D          0x080001ca   Section        0  libinit2.o(.ARM.Collect$$libinit$$0000001D)
    .ARM.Collect$$libinit$$0000001F          0x080001ca   Section        0  libinit2.o(.ARM.Collect$$libinit$$0000001F)
    .ARM.Collect$$libinit$$00000021          0x080001ca   Section        0  libinit2.o(.ARM.Collect$$libinit$$00000021)
    .ARM.Collect$$libinit$$00000023          0x080001ca   Section        0  libinit2.o(.ARM.Collect$$libinit$$00000023)
    .ARM.Collect$$libinit$$00000025          0x080001ca   Section        0  libinit2.o(.ARM.Collect$$libinit$$00000025)
    .ARM.Collect$$libinit$$0000002C          0x080001ca   Section        0  libinit2.o(.ARM.Collect$$libinit$$0000002C)
    .ARM.Collect$$libinit$$0000002E          0x080001ca   Section        0  libinit2.o(.ARM.Collect$$libinit$$0000002E)
    .ARM.Collect$$libinit$$00000030          0x080001ca   Section        0  libinit2.o(.ARM.Collect$$libinit$$00000030)
    .ARM.Collect$$libinit$$00000032          0x080001ca   Section        0  libinit2.o(.ARM.Collect$$libinit$$00000032)
    .ARM.Collect$$libinit$$00000033          0x080001ca   Section        2  libinit2.o(.ARM.Collect$$libinit$$00000033)
    .ARM.Collect$$libshutdown$$00000000      0x080001cc   Section        2  libshutdown.o(.ARM.Collect$$libshutdown$$00000000)
    .ARM.Collect$$libshutdown$$00000002      0x080001ce   Section        0  libshutdown2.o(.ARM.Collect$$libshutdown$$00000002)
    .ARM.Collect$$libshutdown$$00000004      0x080001ce   Section        0  libshutdown2.o(.ARM.Collect$$libshutdown$$00000004)
    .ARM.Collect$$libshutdown$$00000007      0x080001ce   Section        0  libshutdown2.o(.ARM.Collect$$libshutdown$$00000007)
    .ARM.Collect$$libshutdown$$0000000A      0x080001ce   Section        0  libshutdown2.o(.ARM.Collect$$libshutdown$$0000000A)
    .ARM.Collect$$libshutdown$$0000000C      0x080001ce   Section        0  libshutdown2.o(.ARM.Collect$$libshutdown$$0000000C)
    .ARM.Collect$$libshutdown$$0000000F      0x080001ce   Section        0  libshutdown2.o(.ARM.Collect$$libshutdown$$0000000F)
    .ARM.Collect$$libshutdown$$00000010      0x080001ce   Section        2  libshutdown2.o(.ARM.Collect$$libshutdown$$00000010)
    .ARM.Collect$$rtentry$$00000000          0x080001d0   Section        0  __rtentry.o(.ARM.Collect$$rtentry$$00000000)
    .ARM.Collect$$rtentry$$00000002          0x080001d0   Section        0  __rtentry2.o(.ARM.Collect$$rtentry$$00000002)
    .ARM.Collect$$rtentry$$00000004          0x080001d0   Section        6  __rtentry4.o(.ARM.Collect$$rtentry$$00000004)
    .ARM.Collect$$rtentry$$00000009          0x080001d6   Section        0  __rtentry2.o(.ARM.Collect$$rtentry$$00000009)
    .ARM.Collect$$rtentry$$0000000A          0x080001d6   Section        4  __rtentry2.o(.ARM.Collect$$rtentry$$0000000A)
    .ARM.Collect$$rtentry$$0000000C          0x080001da   Section        0  __rtentry2.o(.ARM.Collect$$rtentry$$0000000C)
    .ARM.Collect$$rtentry$$0000000D          0x080001da   Section        8  __rtentry2.o(.ARM.Collect$$rtentry$$0000000D)
    .ARM.Collect$$rtexit$$00000000           0x080001e2   Section        2  rtexit.o(.ARM.Collect$$rtexit$$00000000)
    .ARM.Collect$$rtexit$$00000002           0x080001e4   Section        0  rtexit2.o(.ARM.Collect$$rtexit$$00000002)
    .ARM.Collect$$rtexit$$00000003           0x080001e4   Section        4  rtexit2.o(.ARM.Collect$$rtexit$$00000003)
    .ARM.Collect$$rtexit$$00000004           0x080001e8   Section        6  rtexit2.o(.ARM.Collect$$rtexit$$00000004)
    .text                                    0x080001f0   Section       64  startup_at32f403zx_xl.o(.text)
    $v0                                      0x080001f0   Number         0  startup_at32f403zx_xl.o(.text)
    .text                                    0x08000230   Section       78  rt_memclr_w.o(.text)
    .text                                    0x0800027e   Section        0  heapauxi.o(.text)
    .text                                    0x08000284   Section       74  sys_stackheap_outer.o(.text)
    .text                                    0x080002ce   Section        0  exit.o(.text)
    .text                                    0x080002e0   Section        8  libspace.o(.text)
    .text                                    0x080002e8   Section        0  sys_exit.o(.text)
    .text                                    0x080002f4   Section        2  use_no_semi.o(.text)
    .text                                    0x080002f6   Section        0  indicate_semi.o(.text)
    i.AFIO_Init                              0x080002f8   Section        0  gpio_init.o(i.AFIO_Init)
    i.Delayinit                              0x08000348   Section        0  hw_systick.o(i.Delayinit)
    i.EXTI15_10_IRQHandler                   0x0800036c   Section        0  exti.o(i.EXTI15_10_IRQHandler)
    i.GPIO_Init                              0x08000408   Section        0  gpio_init.o(i.GPIO_Init)
    i.GPIO_PinWrite                          0x08000580   Section        0  gpio_init.o(i.GPIO_PinWrite)
    i.NVIC_Init                              0x080005a4   Section        0  nvic.o(i.NVIC_Init)
    i.NVIC_PriorityGroupConfig               0x0800061c   Section        0  nvic.o(i.NVIC_PriorityGroupConfig)
    i.SetSysClock                            0x08000630   Section        0  system_at32f4xx.o(i.SetSysClock)
    SetSysClock                              0x08000631   Thumb Code     8  system_at32f4xx.o(i.SetSysClock)
    i.SetSysClockTo192M                      0x08000638   Section        0  system_at32f4xx.o(i.SetSysClockTo192M)
    SetSysClockTo192M                        0x08000639   Thumb Code   226  system_at32f4xx.o(i.SetSysClockTo192M)
    i.SysTick_Handler                        0x08000728   Section        0  hw_systick.o(i.SysTick_Handler)
    i.SystemInit                             0x08000750   Section        0  system_at32f4xx.o(i.SystemInit)
    i.USART1_IRQHandler                      0x080007d4   Section        0  uart.o(i.USART1_IRQHandler)
    i.WaitHseStbl                            0x08000868   Section        0  system_at32f4xx.o(i.WaitHseStbl)
    WaitHseStbl                              0x08000869   Thumb Code    12  system_at32f4xx.o(i.WaitHseStbl)
    i.call_back_send                         0x08000874   Section        0  uart.o(i.call_back_send)
    i.clean_extiinter                        0x08000898   Section        0  exti.o(i.clean_extiinter)
    i.delayus                                0x080008ac   Section        0  hw_systick.o(i.delayus)
    i.exti_init                              0x080008f8   Section        0  exti.o(i.exti_init)
    i.get_extiinter                          0x080009a0   Section        0  exti.o(i.get_extiinter)
    i.getclock_frequency                     0x080009bc   Section        0  getclock.o(i.getclock_frequency)
    i.itoa                                   0x08000b58   Section        0  strfunc.o(i.itoa)
    i.led_init                               0x08000bc4   Section        0  led.o(i.led_init)
    i.log_uart                               0x08000bde   Section        0  uart.o(i.log_uart)
    i.main                                   0x08000c2c   Section        0  main.o(i.main)
    i.read_gpioport                          0x08000c70   Section        0  gpio_init.o(i.read_gpioport)
    i.readdata                               0x08000c90   Section        0  uart.o(i.readdata)
    i.uart1_io_config                        0x08000cba   Section        0  exti.o(i.uart1_io_config)
    i.uart_getinter                          0x08000cf8   Section        0  uart.o(i.uart_getinter)
    i.uart_recvive_data                      0x08000d68   Section        0  uart.o(i.uart_recvive_data)
    i.uart_virtual                           0x08000db8   Section        0  uart.o(i.uart_virtual)
    i.uartrecvive_data                       0x08000de4   Section        0  uart.o(i.uartrecvive_data)
    i.uartsend_data                          0x08000df8   Section        0  uart.o(i.uartsend_data)
    i.virtual_serial                         0x08000e1c   Section        0  uart.o(i.virtual_serial)
    i.writedata                              0x08000e64   Section        0  uart.o(i.writedata)
    x$fpl$fpinit                             0x08000e90   Section       10  fpinit.o(x$fpl$fpinit)
    $v0                                      0x08000e90   Number         0  fpinit.o(x$fpl$fpinit)
    .data                                    0x20000000   Section       20  gpio_init.o(.data)
    .data                                    0x20000014   Section       12  hw_systick.o(.data)
    fac_us1                                  0x20000014   Data           4  hw_systick.o(.data)
    test                                     0x20000018   Data           4  hw_systick.o(.data)
    count                                    0x2000001c   Data           4  hw_systick.o(.data)
    .data                                    0x20000020   Section       64  strfunc.o(.data)
    str1                                     0x20000020   Data          64  strfunc.o(.data)
    .data                                    0x20000060   Section       28  uart.o(.data)
    uart_delayus                             0x20000078   Data           2  uart.o(.data)
    uart_delayus_again                       0x2000007a   Data           2  uart.o(.data)
    .data                                    0x2000007c   Section       20  system_at32f4xx.o(.data)
    .bss                                     0x20000090   Section     8192  uart.o(.bss)
    .bss                                     0x20002090   Section       96  libspace.o(.bss)
    HEAP                                     0x200020f0   Section      512  startup_at32f403zx_xl.o(HEAP)
    Heap_Mem                                 0x200020f0   Data         512  startup_at32f403zx_xl.o(HEAP)
    STACK                                    0x200022f0   Section     1024  startup_at32f403zx_xl.o(STACK)
    Stack_Mem                                0x200022f0   Data        1024  startup_at32f403zx_xl.o(STACK)
    __initial_sp                             0x200026f0   Data           0  startup_at32f403zx_xl.o(STACK)

    Global Symbols

    Symbol Name                              Value     Ov Type        Size  Object(Section)

    BuildAttributes$$THM_ISAv4$E$P$D$K$B$S$7EM$VFPi3$EXTD16$VFPS$VFMA$PE$A:L22UL41UL21$X:L11$S22US41US21$IEEE1$IW$USESV6$~STKCKD$USESV7$~SHL$OSPACE$ROPI$EBA8$UX$STANDARDLIB$REQ8$PRES8$EABIv2 0x00000000   Number         0  anon$$obj.o ABSOLUTE
    __ARM_use_no_argv                        0x00000000   Number         0  main.o ABSOLUTE
    __ARM_exceptions_init                     - Undefined Weak Reference
    __alloca_initialize                       - Undefined Weak Reference
    __arm_preinit_                            - Undefined Weak Reference
    __cpp_initialize__aeabi_                  - Undefined Weak Reference
    __cxa_finalize                            - Undefined Weak Reference
    __rt_locale                               - Undefined Weak Reference
    __sigvec_lookup                           - Undefined Weak Reference
    _atexit_init                              - Undefined Weak Reference
    _call_atexit_fns                          - Undefined Weak Reference
    _clock_init                               - Undefined Weak Reference
    _fp_trap_init                             - Undefined Weak Reference
    _fp_trap_shutdown                         - Undefined Weak Reference
    _get_lc_collate                           - Undefined Weak Reference
    _get_lc_ctype                             - Undefined Weak Reference
    _get_lc_monetary                          - Undefined Weak Reference
    _get_lc_numeric                           - Undefined Weak Reference
    _get_lc_time                              - Undefined Weak Reference
    _getenv_init                              - Undefined Weak Reference
    _handle_redirection                       - Undefined Weak Reference
    _init_alloc                               - Undefined Weak Reference
    _init_user_alloc                          - Undefined Weak Reference
    _initio                                   - Undefined Weak Reference
    _rand_init                                - Undefined Weak Reference
    _signal_finish                            - Undefined Weak Reference
    _signal_init                              - Undefined Weak Reference
    _terminate_alloc                          - Undefined Weak Reference
    _terminate_user_alloc                     - Undefined Weak Reference
    _terminateio                              - Undefined Weak Reference
    __Vectors_Size                           0x00000150   Number         0  startup_at32f403zx_xl.o ABSOLUTE
    __Vectors                                0x08000000   Data           4  startup_at32f403zx_xl.o(RESET)
    __Vectors_End                            0x08000150   Data           0  startup_at32f403zx_xl.o(RESET)
    __main                                   0x08000151   Thumb Code     8  __main.o(!!!main)
    __scatterload                            0x08000159   Thumb Code     0  __scatter.o(!!!scatter)
    __scatterload_rt2                        0x08000159   Thumb Code    44  __scatter.o(!!!scatter)
    __scatterload_rt2_thumb_only             0x08000159   Thumb Code     0  __scatter.o(!!!scatter)
    __scatterload_null                       0x08000167   Thumb Code     0  __scatter.o(!!!scatter)
    __scatterload_copy                       0x0800018d   Thumb Code    26  __scatter_copy.o(!!handler_copy)
    __scatterload_zeroinit                   0x080001a9   Thumb Code    28  __scatter_zi.o(!!handler_zi)
    __rt_lib_init                            0x080001c5   Thumb Code     0  libinit.o(.ARM.Collect$$libinit$$00000000)
    __rt_lib_init_fp_1                       0x080001c7   Thumb Code     0  libinit2.o(.ARM.Collect$$libinit$$00000001)
    __rt_lib_init_alloca_1                   0x080001cb   Thumb Code     0  libinit2.o(.ARM.Collect$$libinit$$0000002E)
    __rt_lib_init_argv_1                     0x080001cb   Thumb Code     0  libinit2.o(.ARM.Collect$$libinit$$0000002C)
    __rt_lib_init_atexit_1                   0x080001cb   Thumb Code     0  libinit2.o(.ARM.Collect$$libinit$$0000001B)
    __rt_lib_init_clock_1                    0x080001cb   Thumb Code     0  libinit2.o(.ARM.Collect$$libinit$$00000021)
    __rt_lib_init_cpp_1                      0x080001cb   Thumb Code     0  libinit2.o(.ARM.Collect$$libinit$$00000032)
    __rt_lib_init_exceptions_1               0x080001cb   Thumb Code     0  libinit2.o(.ARM.Collect$$libinit$$00000030)
    __rt_lib_init_fp_trap_1                  0x080001cb   Thumb Code     0  libinit2.o(.ARM.Collect$$libinit$$0000001F)
    __rt_lib_init_getenv_1                   0x080001cb   Thumb Code     0  libinit2.o(.ARM.Collect$$libinit$$00000023)
    __rt_lib_init_heap_1                     0x080001cb   Thumb Code     0  libinit2.o(.ARM.Collect$$libinit$$0000000A)
    __rt_lib_init_lc_collate_1               0x080001cb   Thumb Code     0  libinit2.o(.ARM.Collect$$libinit$$00000011)
    __rt_lib_init_lc_ctype_1                 0x080001cb   Thumb Code     0  libinit2.o(.ARM.Collect$$libinit$$00000013)
    __rt_lib_init_lc_monetary_1              0x080001cb   Thumb Code     0  libinit2.o(.ARM.Collect$$libinit$$00000015)
    __rt_lib_init_lc_numeric_1               0x080001cb   Thumb Code     0  libinit2.o(.ARM.Collect$$libinit$$00000017)
    __rt_lib_init_lc_time_1                  0x080001cb   Thumb Code     0  libinit2.o(.ARM.Collect$$libinit$$00000019)
    __rt_lib_init_preinit_1                  0x080001cb   Thumb Code     0  libinit2.o(.ARM.Collect$$libinit$$00000004)
    __rt_lib_init_rand_1                     0x080001cb   Thumb Code     0  libinit2.o(.ARM.Collect$$libinit$$0000000E)
    __rt_lib_init_return                     0x080001cb   Thumb Code     0  libinit2.o(.ARM.Collect$$libinit$$00000033)
    __rt_lib_init_signal_1                   0x080001cb   Thumb Code     0  libinit2.o(.ARM.Collect$$libinit$$0000001D)
    __rt_lib_init_stdio_1                    0x080001cb   Thumb Code     0  libinit2.o(.ARM.Collect$$libinit$$00000025)
    __rt_lib_init_user_alloc_1               0x080001cb   Thumb Code     0  libinit2.o(.ARM.Collect$$libinit$$0000000C)
    __rt_lib_shutdown                        0x080001cd   Thumb Code     0  libshutdown.o(.ARM.Collect$$libshutdown$$00000000)
    __rt_lib_shutdown_cpp_1                  0x080001cf   Thumb Code     0  libshutdown2.o(.ARM.Collect$$libshutdown$$00000002)
    __rt_lib_shutdown_fp_trap_1              0x080001cf   Thumb Code     0  libshutdown2.o(.ARM.Collect$$libshutdown$$00000007)
    __rt_lib_shutdown_heap_1                 0x080001cf   Thumb Code     0  libshutdown2.o(.ARM.Collect$$libshutdown$$0000000F)
    __rt_lib_shutdown_return                 0x080001cf   Thumb Code     0  libshutdown2.o(.ARM.Collect$$libshutdown$$00000010)
    __rt_lib_shutdown_signal_1               0x080001cf   Thumb Code     0  libshutdown2.o(.ARM.Collect$$libshutdown$$0000000A)
    __rt_lib_shutdown_stdio_1                0x080001cf   Thumb Code     0  libshutdown2.o(.ARM.Collect$$libshutdown$$00000004)
    __rt_lib_shutdown_user_alloc_1           0x080001cf   Thumb Code     0  libshutdown2.o(.ARM.Collect$$libshutdown$$0000000C)
    __rt_entry                               0x080001d1   Thumb Code     0  __rtentry.o(.ARM.Collect$$rtentry$$00000000)
    __rt_entry_presh_1                       0x080001d1   Thumb Code     0  __rtentry2.o(.ARM.Collect$$rtentry$$00000002)
    __rt_entry_sh                            0x080001d1   Thumb Code     0  __rtentry4.o(.ARM.Collect$$rtentry$$00000004)
    __rt_entry_li                            0x080001d7   Thumb Code     0  __rtentry2.o(.ARM.Collect$$rtentry$$0000000A)
    __rt_entry_postsh_1                      0x080001d7   Thumb Code     0  __rtentry2.o(.ARM.Collect$$rtentry$$00000009)
    __rt_entry_main                          0x080001db   Thumb Code     0  __rtentry2.o(.ARM.Collect$$rtentry$$0000000D)
    __rt_entry_postli_1                      0x080001db   Thumb Code     0  __rtentry2.o(.ARM.Collect$$rtentry$$0000000C)
    __rt_exit                                0x080001e3   Thumb Code     0  rtexit.o(.ARM.Collect$$rtexit$$00000000)
    __rt_exit_ls                             0x080001e5   Thumb Code     0  rtexit2.o(.ARM.Collect$$rtexit$$00000003)
    __rt_exit_prels_1                        0x080001e5   Thumb Code     0  rtexit2.o(.ARM.Collect$$rtexit$$00000002)
    __rt_exit_exit                           0x080001e9   Thumb Code     0  rtexit2.o(.ARM.Collect$$rtexit$$00000004)
    Reset_Handler                            0x080001f1   Thumb Code     8  startup_at32f403zx_xl.o(.text)
    NMI_Handler                              0x080001f9   Thumb Code     2  startup_at32f403zx_xl.o(.text)
    HardFault_Handler                        0x080001fb   Thumb Code     2  startup_at32f403zx_xl.o(.text)
    MemManage_Handler                        0x080001fd   Thumb Code     2  startup_at32f403zx_xl.o(.text)
    BusFault_Handler                         0x080001ff   Thumb Code     2  startup_at32f403zx_xl.o(.text)
    UsageFault_Handler                       0x08000201   Thumb Code     2  startup_at32f403zx_xl.o(.text)
    SVC_Handler                              0x08000203   Thumb Code     2  startup_at32f403zx_xl.o(.text)
    DebugMon_Handler                         0x08000205   Thumb Code     2  startup_at32f403zx_xl.o(.text)
    PendSV_Handler                           0x08000207   Thumb Code     2  startup_at32f403zx_xl.o(.text)
    ADC1_2_IRQHandler                        0x0800020b   Thumb Code     0  startup_at32f403zx_xl.o(.text)
    ADC3_IRQHandler                          0x0800020b   Thumb Code     0  startup_at32f403zx_xl.o(.text)
    CAN1_RX1_IRQHandler                      0x0800020b   Thumb Code     0  startup_at32f403zx_xl.o(.text)
    CAN1_SCE_IRQHandler                      0x0800020b   Thumb Code     0  startup_at32f403zx_xl.o(.text)
    DMA1_Channel1_IRQHandler                 0x0800020b   Thumb Code     0  startup_at32f403zx_xl.o(.text)
    DMA1_Channel2_IRQHandler                 0x0800020b   Thumb Code     0  startup_at32f403zx_xl.o(.text)
    DMA1_Channel3_IRQHandler                 0x0800020b   Thumb Code     0  startup_at32f403zx_xl.o(.text)
    DMA1_Channel4_IRQHandler                 0x0800020b   Thumb Code     0  startup_at32f403zx_xl.o(.text)
    DMA1_Channel5_IRQHandler                 0x0800020b   Thumb Code     0  startup_at32f403zx_xl.o(.text)
    DMA1_Channel6_IRQHandler                 0x0800020b   Thumb Code     0  startup_at32f403zx_xl.o(.text)
    DMA1_Channel7_IRQHandler                 0x0800020b   Thumb Code     0  startup_at32f403zx_xl.o(.text)
    DMA2_Channel1_IRQHandler                 0x0800020b   Thumb Code     0  startup_at32f403zx_xl.o(.text)
    DMA2_Channel2_IRQHandler                 0x0800020b   Thumb Code     0  startup_at32f403zx_xl.o(.text)
    DMA2_Channel3_IRQHandler                 0x0800020b   Thumb Code     0  startup_at32f403zx_xl.o(.text)
    DMA2_Channel4_5_IRQHandler               0x0800020b   Thumb Code     0  startup_at32f403zx_xl.o(.text)
    EXTI0_IRQHandler                         0x0800020b   Thumb Code     0  startup_at32f403zx_xl.o(.text)
    EXTI1_IRQHandler                         0x0800020b   Thumb Code     0  startup_at32f403zx_xl.o(.text)
    EXTI2_IRQHandler                         0x0800020b   Thumb Code     0  startup_at32f403zx_xl.o(.text)
    EXTI3_IRQHandler                         0x0800020b   Thumb Code     0  startup_at32f403zx_xl.o(.text)
    EXTI4_IRQHandler                         0x0800020b   Thumb Code     0  startup_at32f403zx_xl.o(.text)
    EXTI9_5_IRQHandler                       0x0800020b   Thumb Code     0  startup_at32f403zx_xl.o(.text)
    FLASH_IRQHandler                         0x0800020b   Thumb Code     0  startup_at32f403zx_xl.o(.text)
    I2C1_ER_IRQHandler                       0x0800020b   Thumb Code     0  startup_at32f403zx_xl.o(.text)
    I2C1_EV_IRQHandler                       0x0800020b   Thumb Code     0  startup_at32f403zx_xl.o(.text)
    I2C2_ER_IRQHandler                       0x0800020b   Thumb Code     0  startup_at32f403zx_xl.o(.text)
    I2C2_EV_IRQHandler                       0x0800020b   Thumb Code     0  startup_at32f403zx_xl.o(.text)
    I2C3_ER_IRQHandler                       0x0800020b   Thumb Code     0  startup_at32f403zx_xl.o(.text)
    I2C3_EV_IRQHandler                       0x0800020b   Thumb Code     0  startup_at32f403zx_xl.o(.text)
    PVD_IRQHandler                           0x0800020b   Thumb Code     0  startup_at32f403zx_xl.o(.text)
    RCC_IRQHandler                           0x0800020b   Thumb Code     0  startup_at32f403zx_xl.o(.text)
    RTCAlarm_IRQHandler                      0x0800020b   Thumb Code     0  startup_at32f403zx_xl.o(.text)
    RTC_IRQHandler                           0x0800020b   Thumb Code     0  startup_at32f403zx_xl.o(.text)
    SDIO1_IRQHandler                         0x0800020b   Thumb Code     0  startup_at32f403zx_xl.o(.text)
    SDIO2_IRQHandler                         0x0800020b   Thumb Code     0  startup_at32f403zx_xl.o(.text)
    SPI1_IRQHandler                          0x0800020b   Thumb Code     0  startup_at32f403zx_xl.o(.text)
    SPI2_IRQHandler                          0x0800020b   Thumb Code     0  startup_at32f403zx_xl.o(.text)
    SPI3_IRQHandler                          0x0800020b   Thumb Code     0  startup_at32f403zx_xl.o(.text)
    SPI4_IRQHandler                          0x0800020b   Thumb Code     0  startup_at32f403zx_xl.o(.text)
    TAMPER_IRQHandler                        0x0800020b   Thumb Code     0  startup_at32f403zx_xl.o(.text)
    TMR15_BRK_IRQHandler                     0x0800020b   Thumb Code     0  startup_at32f403zx_xl.o(.text)
    TMR15_CC_IRQHandler                      0x0800020b   Thumb Code     0  startup_at32f403zx_xl.o(.text)
    TMR15_OV_IRQHandler                      0x0800020b   Thumb Code     0  startup_at32f403zx_xl.o(.text)
    TMR15_TRG_HALL_IRQHandler                0x0800020b   Thumb Code     0  startup_at32f403zx_xl.o(.text)
    TMR1_BRK_TMR9_IRQHandler                 0x0800020b   Thumb Code     0  startup_at32f403zx_xl.o(.text)
    TMR1_CC_IRQHandler                       0x0800020b   Thumb Code     0  startup_at32f403zx_xl.o(.text)
    TMR1_OV_TMR10_IRQHandler                 0x0800020b   Thumb Code     0  startup_at32f403zx_xl.o(.text)
    TMR1_TRG_HALL_TMR11_IRQHandler           0x0800020b   Thumb Code     0  startup_at32f403zx_xl.o(.text)
    TMR2_GLOBAL_IRQHandler                   0x0800020b   Thumb Code     0  startup_at32f403zx_xl.o(.text)
    TMR3_GLOBAL_IRQHandler                   0x0800020b   Thumb Code     0  startup_at32f403zx_xl.o(.text)
    TMR4_GLOBAL_IRQHandler                   0x0800020b   Thumb Code     0  startup_at32f403zx_xl.o(.text)
    TMR5_GLOBAL_IRQHandler                   0x0800020b   Thumb Code     0  startup_at32f403zx_xl.o(.text)
    TMR6_GLOBAL_IRQHandler                   0x0800020b   Thumb Code     0  startup_at32f403zx_xl.o(.text)
    TMR7_GLOBAL_IRQHandler                   0x0800020b   Thumb Code     0  startup_at32f403zx_xl.o(.text)
    TMR8_BRK_TMR12_IRQHandler                0x0800020b   Thumb Code     0  startup_at32f403zx_xl.o(.text)
    TMR8_CC_IRQHandler                       0x0800020b   Thumb Code     0  startup_at32f403zx_xl.o(.text)
    TMR8_OV_TMR13_IRQHandler                 0x0800020b   Thumb Code     0  startup_at32f403zx_xl.o(.text)
    TMR8_TRG_HALL_TMR14_IRQHandler           0x0800020b   Thumb Code     0  startup_at32f403zx_xl.o(.text)
    UART4_IRQHandler                         0x0800020b   Thumb Code     0  startup_at32f403zx_xl.o(.text)
    UART5_IRQHandler                         0x0800020b   Thumb Code     0  startup_at32f403zx_xl.o(.text)
    USART2_IRQHandler                        0x0800020b   Thumb Code     0  startup_at32f403zx_xl.o(.text)
    USART3_IRQHandler                        0x0800020b   Thumb Code     0  startup_at32f403zx_xl.o(.text)
    USBWakeUp_IRQHandler                     0x0800020b   Thumb Code     0  startup_at32f403zx_xl.o(.text)
    USB_HP_CAN1_TX_IRQHandler                0x0800020b   Thumb Code     0  startup_at32f403zx_xl.o(.text)
    USB_LP_CAN1_RX0_IRQHandler               0x0800020b   Thumb Code     0  startup_at32f403zx_xl.o(.text)
    WWDG_IRQHandler                          0x0800020b   Thumb Code     0  startup_at32f403zx_xl.o(.text)
    XMC_IRQHandler                           0x0800020b   Thumb Code     0  startup_at32f403zx_xl.o(.text)
    __user_initial_stackheap                 0x0800020d   Thumb Code     0  startup_at32f403zx_xl.o(.text)
    __aeabi_memclr4                          0x08000231   Thumb Code     0  rt_memclr_w.o(.text)
    __aeabi_memclr8                          0x08000231   Thumb Code     0  rt_memclr_w.o(.text)
    __rt_memclr_w                            0x08000231   Thumb Code    78  rt_memclr_w.o(.text)
    _memset_w                                0x08000235   Thumb Code     0  rt_memclr_w.o(.text)
    __use_two_region_memory                  0x0800027f   Thumb Code     2  heapauxi.o(.text)
    __rt_heap_escrow$2region                 0x08000281   Thumb Code     2  heapauxi.o(.text)
    __rt_heap_expand$2region                 0x08000283   Thumb Code     2  heapauxi.o(.text)
    __user_setup_stackheap                   0x08000285   Thumb Code    74  sys_stackheap_outer.o(.text)
    exit                                     0x080002cf   Thumb Code    18  exit.o(.text)
    __user_libspace                          0x080002e1   Thumb Code     8  libspace.o(.text)
    __user_perproc_libspace                  0x080002e1   Thumb Code     0  libspace.o(.text)
    __user_perthread_libspace                0x080002e1   Thumb Code     0  libspace.o(.text)
    _sys_exit                                0x080002e9   Thumb Code     8  sys_exit.o(.text)
    __I$use$semihosting                      0x080002f5   Thumb Code     0  use_no_semi.o(.text)
    __use_no_semihosting_swi                 0x080002f5   Thumb Code     2  use_no_semi.o(.text)
    __semihosting_library_function           0x080002f7   Thumb Code     0  indicate_semi.o(.text)
    AFIO_Init                                0x080002f9   Thumb Code    70  gpio_init.o(i.AFIO_Init)
    Delayinit                                0x08000349   Thumb Code    28  hw_systick.o(i.Delayinit)
    EXTI15_10_IRQHandler                     0x0800036d   Thumb Code   146  exti.o(i.EXTI15_10_IRQHandler)
    GPIO_Init                                0x08000409   Thumb Code   366  gpio_init.o(i.GPIO_Init)
    GPIO_PinWrite                            0x08000581   Thumb Code    32  gpio_init.o(i.GPIO_PinWrite)
    NVIC_Init                                0x080005a5   Thumb Code   108  nvic.o(i.NVIC_Init)
    NVIC_PriorityGroupConfig                 0x0800061d   Thumb Code    10  nvic.o(i.NVIC_PriorityGroupConfig)
    SysTick_Handler                          0x08000729   Thumb Code    34  hw_systick.o(i.SysTick_Handler)
    SystemInit                               0x08000751   Thumb Code   106  system_at32f4xx.o(i.SystemInit)
    USART1_IRQHandler                        0x080007d5   Thumb Code   140  uart.o(i.USART1_IRQHandler)
    call_back_send                           0x08000875   Thumb Code    30  uart.o(i.call_back_send)
    clean_extiinter                          0x08000899   Thumb Code    16  exti.o(i.clean_extiinter)
    delayus                                  0x080008ad   Thumb Code    70  hw_systick.o(i.delayus)
    exti_init                                0x080008f9   Thumb Code   162  exti.o(i.exti_init)
    get_extiinter                            0x080009a1   Thumb Code    22  exti.o(i.get_extiinter)
    getclock_frequency                       0x080009bd   Thumb Code   394  getclock.o(i.getclock_frequency)
    itoa                                     0x08000b59   Thumb Code   102  strfunc.o(i.itoa)
    led_init                                 0x08000bc5   Thumb Code    26  led.o(i.led_init)
    log_uart                                 0x08000bdf   Thumb Code    78  uart.o(i.log_uart)
    main                                     0x08000c2d   Thumb Code    60  main.o(i.main)
    read_gpioport                            0x08000c71   Thumb Code    26  gpio_init.o(i.read_gpioport)
    readdata                                 0x08000c91   Thumb Code    42  uart.o(i.readdata)
    uart1_io_config                          0x08000cbb   Thumb Code    60  exti.o(i.uart1_io_config)
    uart_getinter                            0x08000cf9   Thumb Code   108  uart.o(i.uart_getinter)
    uart_recvive_data                        0x08000d69   Thumb Code    64  uart.o(i.uart_recvive_data)
    uart_virtual                             0x08000db9   Thumb Code    32  uart.o(i.uart_virtual)
    uartrecvive_data                         0x08000de5   Thumb Code    16  uart.o(i.uartrecvive_data)
    uartsend_data                            0x08000df9   Thumb Code    32  uart.o(i.uartsend_data)
    virtual_serial                           0x08000e1d   Thumb Code    68  uart.o(i.virtual_serial)
    writedata                                0x08000e65   Thumb Code    44  uart.o(i.writedata)
    _fp_init                                 0x08000e91   Thumb Code    10  fpinit.o(x$fpl$fpinit)
    __fplib_config_fpu_vfp                   0x08000e99   Thumb Code     0  fpinit.o(x$fpl$fpinit)
    __fplib_config_pureend_doubles           0x08000e99   Thumb Code     0  fpinit.o(x$fpl$fpinit)
    Region$$Table$$Base                      0x08000e9c   Number         0  anon$$obj.o(Region$$Table)
    Region$$Table$$Limit                     0x08000ebc   Number         0  anon$$obj.o(Region$$Table)
    gpio_list                                0x20000000   Data          20  gpio_init.o(.data)
    uart_list                                0x20000060   Data          20  uart.o(.data)
    uart_rx_status                           0x20000074   Data           2  uart.o(.data)
    uart_read_status                         0x20000076   Data           2  uart.o(.data)
    SystemCoreClock                          0x2000007c   Data           4  system_at32f4xx.o(.data)
    AHBPscTable                              0x20000080   Data          16  system_at32f4xx.o(.data)
    uart_rx_buf                              0x20000090   Data        4096  uart.o(.bss)
    uart_read_buf                            0x20001090   Data        4096  uart.o(.bss)
    __libspace_start                         0x20002090   Data          96  libspace.o(.bss)
    __temporary_stack_top$libspace           0x200020f0   Data           0  libspace.o(.bss)



==============================================================================

Memory Map of the image

  Image Entry point : 0x08000151

  Load Region LR_IROM1 (Base: 0x08000000, Size: 0x00000f4c, Max: 0x00100000, ABSOLUTE)

    Execution Region ER_IROM1 (Exec base: 0x08000000, Load base: 0x08000000, Size: 0x00000ebc, Max: 0x00100000, ABSOLUTE)

    Exec Addr    Load Addr    Size         Type   Attr      Idx    E Section Name        Object

    0x08000000   0x08000000   0x00000150   Data   RO          509    RESET               startup_at32f403zx_xl.o
    0x08000150   0x08000150   0x00000008   Code   RO          520  * !!!main             c_w.l(__main.o)
    0x08000158   0x08000158   0x00000034   Code   RO          677    !!!scatter          c_w.l(__scatter.o)
    0x0800018c   0x0800018c   0x0000001a   Code   RO          679    !!handler_copy      c_w.l(__scatter_copy.o)
    0x080001a6   0x080001a6   0x00000002   PAD
    0x080001a8   0x080001a8   0x0000001c   Code   RO          681    !!handler_zi        c_w.l(__scatter_zi.o)
    0x080001c4   0x080001c4   0x00000002   Code   RO          547    .ARM.Collect$$libinit$$00000000  c_w.l(libinit.o)
    0x080001c6   0x080001c6   0x00000004   Code   RO          553    .ARM.Collect$$libinit$$00000001  c_w.l(libinit2.o)
    0x080001ca   0x080001ca   0x00000000   Code   RO          556    .ARM.Collect$$libinit$$00000004  c_w.l(libinit2.o)
    0x080001ca   0x080001ca   0x00000000   Code   RO          559    .ARM.Collect$$libinit$$0000000A  c_w.l(libinit2.o)
    0x080001ca   0x080001ca   0x00000000   Code   RO          561    .ARM.Collect$$libinit$$0000000C  c_w.l(libinit2.o)
    0x080001ca   0x080001ca   0x00000000   Code   RO          563    .ARM.Collect$$libinit$$0000000E  c_w.l(libinit2.o)
    0x080001ca   0x080001ca   0x00000000   Code   RO          566    .ARM.Collect$$libinit$$00000011  c_w.l(libinit2.o)
    0x080001ca   0x080001ca   0x00000000   Code   RO          568    .ARM.Collect$$libinit$$00000013  c_w.l(libinit2.o)
    0x080001ca   0x080001ca   0x00000000   Code   RO          570    .ARM.Collect$$libinit$$00000015  c_w.l(libinit2.o)
    0x080001ca   0x080001ca   0x00000000   Code   RO          572    .ARM.Collect$$libinit$$00000017  c_w.l(libinit2.o)
    0x080001ca   0x080001ca   0x00000000   Code   RO          574    .ARM.Collect$$libinit$$00000019  c_w.l(libinit2.o)
    0x080001ca   0x080001ca   0x00000000   Code   RO          576    .ARM.Collect$$libinit$$0000001B  c_w.l(libinit2.o)
    0x080001ca   0x080001ca   0x00000000   Code   RO          578    .ARM.Collect$$libinit$$0000001D  c_w.l(libinit2.o)
    0x080001ca   0x080001ca   0x00000000   Code   RO          580    .ARM.Collect$$libinit$$0000001F  c_w.l(libinit2.o)
    0x080001ca   0x080001ca   0x00000000   Code   RO          582    .ARM.Collect$$libinit$$00000021  c_w.l(libinit2.o)
    0x080001ca   0x080001ca   0x00000000   Code   RO          584    .ARM.Collect$$libinit$$00000023  c_w.l(libinit2.o)
    0x080001ca   0x080001ca   0x00000000   Code   RO          586    .ARM.Collect$$libinit$$00000025  c_w.l(libinit2.o)
    0x080001ca   0x080001ca   0x00000000   Code   RO          590    .ARM.Collect$$libinit$$0000002C  c_w.l(libinit2.o)
    0x080001ca   0x080001ca   0x00000000   Code   RO          592    .ARM.Collect$$libinit$$0000002E  c_w.l(libinit2.o)
    0x080001ca   0x080001ca   0x00000000   Code   RO          594    .ARM.Collect$$libinit$$00000030  c_w.l(libinit2.o)
    0x080001ca   0x080001ca   0x00000000   Code   RO          596    .ARM.Collect$$libinit$$00000032  c_w.l(libinit2.o)
    0x080001ca   0x080001ca   0x00000002   Code   RO          597    .ARM.Collect$$libinit$$00000033  c_w.l(libinit2.o)
    0x080001cc   0x080001cc   0x00000002   Code   RO          617    .ARM.Collect$$libshutdown$$00000000  c_w.l(libshutdown.o)
    0x080001ce   0x080001ce   0x00000000   Code   RO          630    .ARM.Collect$$libshutdown$$00000002  c_w.l(libshutdown2.o)
    0x080001ce   0x080001ce   0x00000000   Code   RO          632    .ARM.Collect$$libshutdown$$00000004  c_w.l(libshutdown2.o)
    0x080001ce   0x080001ce   0x00000000   Code   RO          635    .ARM.Collect$$libshutdown$$00000007  c_w.l(libshutdown2.o)
    0x080001ce   0x080001ce   0x00000000   Code   RO          638    .ARM.Collect$$libshutdown$$0000000A  c_w.l(libshutdown2.o)
    0x080001ce   0x080001ce   0x00000000   Code   RO          640    .ARM.Collect$$libshutdown$$0000000C  c_w.l(libshutdown2.o)
    0x080001ce   0x080001ce   0x00000000   Code   RO          643    .ARM.Collect$$libshutdown$$0000000F  c_w.l(libshutdown2.o)
    0x080001ce   0x080001ce   0x00000002   Code   RO          644    .ARM.Collect$$libshutdown$$00000010  c_w.l(libshutdown2.o)
    0x080001d0   0x080001d0   0x00000000   Code   RO          522    .ARM.Collect$$rtentry$$00000000  c_w.l(__rtentry.o)
    0x080001d0   0x080001d0   0x00000000   Code   RO          524    .ARM.Collect$$rtentry$$00000002  c_w.l(__rtentry2.o)
    0x080001d0   0x080001d0   0x00000006   Code   RO          536    .ARM.Collect$$rtentry$$00000004  c_w.l(__rtentry4.o)
    0x080001d6   0x080001d6   0x00000000   Code   RO          526    .ARM.Collect$$rtentry$$00000009  c_w.l(__rtentry2.o)
    0x080001d6   0x080001d6   0x00000004   Code   RO          527    .ARM.Collect$$rtentry$$0000000A  c_w.l(__rtentry2.o)
    0x080001da   0x080001da   0x00000000   Code   RO          529    .ARM.Collect$$rtentry$$0000000C  c_w.l(__rtentry2.o)
    0x080001da   0x080001da   0x00000008   Code   RO          530    .ARM.Collect$$rtentry$$0000000D  c_w.l(__rtentry2.o)
    0x080001e2   0x080001e2   0x00000002   Code   RO          551    .ARM.Collect$$rtexit$$00000000  c_w.l(rtexit.o)
    0x080001e4   0x080001e4   0x00000000   Code   RO          599    .ARM.Collect$$rtexit$$00000002  c_w.l(rtexit2.o)
    0x080001e4   0x080001e4   0x00000004   Code   RO          600    .ARM.Collect$$rtexit$$00000003  c_w.l(rtexit2.o)
    0x080001e8   0x080001e8   0x00000006   Code   RO          601    .ARM.Collect$$rtexit$$00000004  c_w.l(rtexit2.o)
    0x080001ee   0x080001ee   0x00000002   PAD
    0x080001f0   0x080001f0   0x00000040   Code   RO          510    .text               startup_at32f403zx_xl.o
    0x08000230   0x08000230   0x0000004e   Code   RO          516    .text               c_w.l(rt_memclr_w.o)
    0x0800027e   0x0800027e   0x00000006   Code   RO          518    .text               c_w.l(heapauxi.o)
    0x08000284   0x08000284   0x0000004a   Code   RO          538    .text               c_w.l(sys_stackheap_outer.o)
    0x080002ce   0x080002ce   0x00000012   Code   RO          540    .text               c_w.l(exit.o)
    0x080002e0   0x080002e0   0x00000008   Code   RO          548    .text               c_w.l(libspace.o)
    0x080002e8   0x080002e8   0x0000000c   Code   RO          609    .text               c_w.l(sys_exit.o)
    0x080002f4   0x080002f4   0x00000002   Code   RO          620    .text               c_w.l(use_no_semi.o)
    0x080002f6   0x080002f6   0x00000000   Code   RO          622    .text               c_w.l(indicate_semi.o)
    0x080002f6   0x080002f6   0x00000002   PAD
    0x080002f8   0x080002f8   0x00000050   Code   RO          106    i.AFIO_Init         gpio_init.o
    0x08000348   0x08000348   0x00000024   Code   RO          157    i.Delayinit         hw_systick.o
    0x0800036c   0x0800036c   0x0000009c   Code   RO          410    i.EXTI15_10_IRQHandler  exti.o
    0x08000408   0x08000408   0x00000178   Code   RO          107    i.GPIO_Init         gpio_init.o
    0x08000580   0x08000580   0x00000024   Code   RO          109    i.GPIO_PinWrite     gpio_init.o
    0x080005a4   0x080005a4   0x00000078   Code   RO          231    i.NVIC_Init         nvic.o
    0x0800061c   0x0800061c   0x00000014   Code   RO          232    i.NVIC_PriorityGroupConfig  nvic.o
    0x08000630   0x08000630   0x00000008   Code   RO          459    i.SetSysClock       system_at32f4xx.o
    0x08000638   0x08000638   0x000000f0   Code   RO          460    i.SetSysClockTo192M  system_at32f4xx.o
    0x08000728   0x08000728   0x00000028   Code   RO          158    i.SysTick_Handler   hw_systick.o
    0x08000750   0x08000750   0x00000084   Code   RO          462    i.SystemInit        system_at32f4xx.o
    0x080007d4   0x080007d4   0x00000094   Code   RO          286    i.USART1_IRQHandler  uart.o
    0x08000868   0x08000868   0x0000000c   Code   RO          463    i.WaitHseStbl       system_at32f4xx.o
    0x08000874   0x08000874   0x00000024   Code   RO          290    i.call_back_send    uart.o
    0x08000898   0x08000898   0x00000014   Code   RO          411    i.clean_extiinter   exti.o
    0x080008ac   0x080008ac   0x0000004c   Code   RO          160    i.delayus           hw_systick.o
    0x080008f8   0x080008f8   0x000000a8   Code   RO          412    i.exti_init         exti.o
    0x080009a0   0x080009a0   0x0000001c   Code   RO          413    i.get_extiinter     exti.o
    0x080009bc   0x080009bc   0x0000019c   Code   RO           82    i.getclock_frequency  getclock.o
    0x08000b58   0x08000b58   0x0000006c   Code   RO          261    i.itoa              strfunc.o
    0x08000bc4   0x08000bc4   0x0000001a   Code   RO          207    i.led_init          led.o
    0x08000bde   0x08000bde   0x0000004e   Code   RO          292    i.log_uart          uart.o
    0x08000c2c   0x08000c2c   0x00000044   Code   RO            4    i.main              main.o
    0x08000c70   0x08000c70   0x00000020   Code   RO          110    i.read_gpioport     gpio_init.o
    0x08000c90   0x08000c90   0x0000002a   Code   RO          293    i.readdata          uart.o
    0x08000cba   0x08000cba   0x0000003c   Code   RO          414    i.uart1_io_config   exti.o
    0x08000cf6   0x08000cf6   0x00000002   PAD
    0x08000cf8   0x08000cf8   0x00000070   Code   RO          295    i.uart_getinter     uart.o
    0x08000d68   0x08000d68   0x00000050   Code   RO          297    i.uart_recvive_data  uart.o
    0x08000db8   0x08000db8   0x0000002c   Code   RO          298    i.uart_virtual      uart.o
    0x08000de4   0x08000de4   0x00000014   Code   RO          299    i.uartrecvive_data  uart.o
    0x08000df8   0x08000df8   0x00000024   Code   RO          300    i.uartsend_data     uart.o
    0x08000e1c   0x08000e1c   0x00000048   Code   RO          301    i.virtual_serial    uart.o
    0x08000e64   0x08000e64   0x0000002c   Code   RO          302    i.writedata         uart.o
    0x08000e90   0x08000e90   0x0000000a   Code   RO          607    x$fpl$fpinit        fz_wm.l(fpinit.o)
    0x08000e9a   0x08000e9a   0x00000002   PAD
    0x08000e9c   0x08000e9c   0x00000020   Data   RO          675    Region$$Table       anon$$obj.o


    Execution Region RW_IRAM1 (Exec base: 0x20000000, Load base: 0x08000ebc, Size: 0x000026f0, Max: 0x00038000, ABSOLUTE)

    Exec Addr    Load Addr    Size         Type   Attr      Idx    E Section Name        Object

    0x20000000   0x08000ebc   0x00000014   Data   RW          111    .data               gpio_init.o
    0x20000014   0x08000ed0   0x0000000c   Data   RW          162    .data               hw_systick.o
    0x20000020   0x08000edc   0x00000040   Data   RW          262    .data               strfunc.o
    0x20000060   0x08000f1c   0x0000001c   Data   RW          304    .data               uart.o
    0x2000007c   0x08000f38   0x00000014   Data   RW          464    .data               system_at32f4xx.o
    0x20000090        -       0x00002000   Zero   RW          303    .bss                uart.o
    0x20002090        -       0x00000060   Zero   RW          549    .bss                c_w.l(libspace.o)
    0x200020f0        -       0x00000200   Zero   RW          508    HEAP                startup_at32f403zx_xl.o
    0x200022f0        -       0x00000400   Zero   RW          507    STACK               startup_at32f403zx_xl.o


==============================================================================

Image component sizes


      Code (inc. data)   RO Data    RW Data    ZI Data      Debug   Object Name

       432         26          0          0          0       2907   exti.o
       412         60          0          0          0        993   getclock.o
       524         36          0         20          0       3428   gpio_init.o
       152         20          0         12          0       1872   hw_systick.o
        26          0          0          0          0        487   led.o
        68          8          0          0          0     222535   main.o
       140         22          0          0          0       1379   nvic.o
        64         26        336          0       1536        912   startup_at32f403zx_xl.o
       108          6          0         64          0        743   strfunc.o
       392         40          0         20          0       3175   system_at32f4xx.o
       712         70          0         28       8192       7972   uart.o

    ----------------------------------------------------------------------
      3032        314        368        144       9728     246403   Object Totals
         0          0         32          0          0          0   (incl. Generated)
         2          0          0          0          0          0   (incl. Padding)

    ----------------------------------------------------------------------

      Code (inc. data)   RO Data    RW Data    ZI Data      Debug   Library Member Name

         8          0          0          0          0         68   __main.o
         0          0          0          0          0          0   __rtentry.o
        12          0          0          0          0          0   __rtentry2.o
         6          0          0          0          0          0   __rtentry4.o
        52          8          0          0          0          0   __scatter.o
        26          0          0          0          0          0   __scatter_copy.o
        28          0          0          0          0          0   __scatter_zi.o
        18          0          0          0          0         80   exit.o
         6          0          0          0          0        152   heapauxi.o
         0          0          0          0          0          0   indicate_semi.o
         2          0          0          0          0          0   libinit.o
         6          0          0          0          0          0   libinit2.o
         2          0          0          0          0          0   libshutdown.o
         2          0          0          0          0          0   libshutdown2.o
         8          4          0          0         96         68   libspace.o
        78          0          0          0          0         80   rt_memclr_w.o
         2          0          0          0          0          0   rtexit.o
        10          0          0          0          0          0   rtexit2.o
        12          4          0          0          0         68   sys_exit.o
        74          0          0          0          0         80   sys_stackheap_outer.o
         2          0          0          0          0         68   use_no_semi.o
        10          0          0          0          0        116   fpinit.o

    ----------------------------------------------------------------------
       372         16          0          0         96        780   Library Totals
         8          0          0          0          0          0   (incl. Padding)

    ----------------------------------------------------------------------

      Code (inc. data)   RO Data    RW Data    ZI Data      Debug   Library Name

       354         16          0          0         96        664   c_w.l
        10          0          0          0          0        116   fz_wm.l

    ----------------------------------------------------------------------
       372         16          0          0         96        780   Library Totals

    ----------------------------------------------------------------------

==============================================================================


      Code (inc. data)   RO Data    RW Data    ZI Data      Debug   

      3404        330        368        144       9824     244075   Grand Totals
      3404        330        368        144       9824     244075   ELF Image Totals
      3404        330        368        144          0          0   ROM Totals

==============================================================================

    Total RO  Size (Code + RO Data)                 3772 (   3.68kB)
    Total RW  Size (RW Data + ZI Data)              9968 (   9.73kB)
    Total ROM Size (Code + RO Data + RW Data)       3916 (   3.82kB)

==============================================================================

